Archive member included to satisfy reference by file (symbol)

c:/siliconlabs/simplicitystudio/v5/developer/toolchains/gnu_arm/10.3_2021.10/bin/../lib/gcc/arm-none-eabi/10.3.1/thumb/v8-m.main+fp/hard\libgcc.a(_aeabi_ldivmod.o)
                              ./gecko_sdk_4.3.0/platform/emlib/src/em_usart.o (__aeabi_ldivmod)
c:/siliconlabs/simplicitystudio/v5/developer/toolchains/gnu_arm/10.3_2021.10/bin/../lib/gcc/arm-none-eabi/10.3.1/thumb/v8-m.main+fp/hard\libgcc.a(_aeabi_uldivmod.o)
                              ./gecko_sdk_4.3.0/platform/emlib/src/em_usart.o (__aeabi_uldivmod)
c:/siliconlabs/simplicitystudio/v5/developer/toolchains/gnu_arm/10.3_2021.10/bin/../lib/gcc/arm-none-eabi/10.3.1/thumb/v8-m.main+fp/hard\libgcc.a(_udivmoddi4.o)
                              c:/siliconlabs/simplicitystudio/v5/developer/toolchains/gnu_arm/10.3_2021.10/bin/../lib/gcc/arm-none-eabi/10.3.1/thumb/v8-m.main+fp/hard\libgcc.a(_aeabi_ldivmod.o) (__udivmoddi4)
c:/siliconlabs/simplicitystudio/v5/developer/toolchains/gnu_arm/10.3_2021.10/bin/../lib/gcc/arm-none-eabi/10.3.1/thumb/v8-m.main+fp/hard\libgcc.a(_dvmd_tls.o)
                              c:/siliconlabs/simplicitystudio/v5/developer/toolchains/gnu_arm/10.3_2021.10/bin/../lib/gcc/arm-none-eabi/10.3.1/thumb/v8-m.main+fp/hard\libgcc.a(_aeabi_ldivmod.o) (__aeabi_ldiv0)
c:/siliconlabs/simplicitystudio/v5/developer/toolchains/gnu_arm/10.3_2021.10/bin/../lib/gcc/arm-none-eabi/10.3.1/../../../../arm-none-eabi/lib/thumb/v8-m.main+fp/hard\libc_nano.a(lib_a-exit.o)
                              c:/siliconlabs/simplicitystudio/v5/developer/toolchains/gnu_arm/10.3_2021.10/bin/../lib/gcc/arm-none-eabi/10.3.1/../../../../arm-none-eabi/lib/thumb/v8-m.main+fp/hard/crt0.o (exit)
c:/siliconlabs/simplicitystudio/v5/developer/toolchains/gnu_arm/10.3_2021.10/bin/../lib/gcc/arm-none-eabi/10.3.1/../../../../arm-none-eabi/lib/thumb/v8-m.main+fp/hard\libc_nano.a(lib_a-impure.o)
                              c:/siliconlabs/simplicitystudio/v5/developer/toolchains/gnu_arm/10.3_2021.10/bin/../lib/gcc/arm-none-eabi/10.3.1/../../../../arm-none-eabi/lib/thumb/v8-m.main+fp/hard\libc_nano.a(lib_a-exit.o) (_global_impure_ptr)
c:/siliconlabs/simplicitystudio/v5/developer/toolchains/gnu_arm/10.3_2021.10/bin/../lib/gcc/arm-none-eabi/10.3.1/../../../../arm-none-eabi/lib/thumb/v8-m.main+fp/hard\libc_nano.a(lib_a-init.o)
                              c:/siliconlabs/simplicitystudio/v5/developer/toolchains/gnu_arm/10.3_2021.10/bin/../lib/gcc/arm-none-eabi/10.3.1/../../../../arm-none-eabi/lib/thumb/v8-m.main+fp/hard/crt0.o (__libc_init_array)
c:/siliconlabs/simplicitystudio/v5/developer/toolchains/gnu_arm/10.3_2021.10/bin/../lib/gcc/arm-none-eabi/10.3.1/../../../../arm-none-eabi/lib/thumb/v8-m.main+fp/hard\libc_nano.a(lib_a-memcpy-stub.o)
                              ./gecko_sdk_4.3.0/platform/middleware/glib/dmd/display/dmd_memlcd.o (memcpy)
c:/siliconlabs/simplicitystudio/v5/developer/toolchains/gnu_arm/10.3_2021.10/bin/../lib/gcc/arm-none-eabi/10.3.1/../../../../arm-none-eabi/lib/thumb/v8-m.main+fp/hard\libc_nano.a(lib_a-memset.o)
                              c:/siliconlabs/simplicitystudio/v5/developer/toolchains/gnu_arm/10.3_2021.10/bin/../lib/gcc/arm-none-eabi/10.3.1/../../../../arm-none-eabi/lib/thumb/v8-m.main+fp/hard/crt0.o (memset)
c:/siliconlabs/simplicitystudio/v5/developer/toolchains/gnu_arm/10.3_2021.10/bin/../lib/gcc/arm-none-eabi/10.3.1/../../../../arm-none-eabi/lib/thumb/v8-m.main+fp/hard\libc_nano.a(lib_a-sprintf.o)
                              ./Handle_event/TFT.o (sprintf)
c:/siliconlabs/simplicitystudio/v5/developer/toolchains/gnu_arm/10.3_2021.10/bin/../lib/gcc/arm-none-eabi/10.3.1/../../../../arm-none-eabi/lib/thumb/v8-m.main+fp/hard\libc_nano.a(lib_a-strlen.o)
                              ./gecko_sdk_4.3.0/platform/middleware/glib/glib/glib_string.o (strlen)
c:/siliconlabs/simplicitystudio/v5/developer/toolchains/gnu_arm/10.3_2021.10/bin/../lib/gcc/arm-none-eabi/10.3.1/../../../../arm-none-eabi/lib/thumb/v8-m.main+fp/hard\libc_nano.a(lib_a-nano-svfprintf.o)
                              c:/siliconlabs/simplicitystudio/v5/developer/toolchains/gnu_arm/10.3_2021.10/bin/../lib/gcc/arm-none-eabi/10.3.1/../../../../arm-none-eabi/lib/thumb/v8-m.main+fp/hard\libc_nano.a(lib_a-sprintf.o) (_svfprintf_r)
c:/siliconlabs/simplicitystudio/v5/developer/toolchains/gnu_arm/10.3_2021.10/bin/../lib/gcc/arm-none-eabi/10.3.1/../../../../arm-none-eabi/lib/thumb/v8-m.main+fp/hard\libc_nano.a(lib_a-nano-vfprintf_i.o)
                              c:/siliconlabs/simplicitystudio/v5/developer/toolchains/gnu_arm/10.3_2021.10/bin/../lib/gcc/arm-none-eabi/10.3.1/../../../../arm-none-eabi/lib/thumb/v8-m.main+fp/hard\libc_nano.a(lib_a-nano-svfprintf.o) (_printf_i)
c:/siliconlabs/simplicitystudio/v5/developer/toolchains/gnu_arm/10.3_2021.10/bin/../lib/gcc/arm-none-eabi/10.3.1/../../../../arm-none-eabi/lib/thumb/v8-m.main+fp/hard\libc_nano.a(lib_a-memchr-stub.o)
[...]
Memory Configuration

Name             Origin             Length             Attributes
FLASH            0x08000000         0x0007e000         xr
RAM              0x20000000         0x00010000         xrw
*default*        0x00000000         0xffffffff

Linker script and memory map

LOAD c:/siliconlabs/simplicitystudio/v5/developer/toolchains/gnu_arm/10.3_2021.10/bin/../lib/gcc/arm-none-eabi/10.3.1/thumb/v8-m.main+fp/hard/crti.o
LOAD c:/siliconlabs/simplicitystudio/v5/developer/toolchains/gnu_arm/10.3_2021.10/bin/../lib/gcc/arm-none-eabi/10.3.1/thumb/v8-m.main+fp/hard/crtbegin.o
LOAD c:/siliconlabs/simplicitystudio/v5/developer/toolchains/gnu_arm/10.3_2021.10/bin/../lib/gcc/arm-none-eabi/10.3.1/../../../../arm-none-eabi/lib/thumb/v8-m.main+fp/hard/crt0.o
START GROUP
LOAD ./Handle_event/I2C_handle.o
LOAD ./Handle_event/TFT.o
LOAD ./Handle_event/blink.o
LOAD ./Handle_event/button.o
LOAD ./RTOS_test.o
LOAD ./app.o
LOAD ./main.o
LOAD ./autogen/sl_board_default_init.o
LOAD ./autogen/sl_device_init_clocks.o
LOAD ./autogen/sl_event_handler.o
LOAD ./autogen/sl_i2cspm_init.o
LOAD ./autogen/sl_simple_button_instances.o
LOAD ./autogen/sl_simple_led_instances.o
LOAD ./gecko_sdk_4.3.0/app/bluetooth/common/sensor_rht/sl_sensor_rht.o
LOAD ./gecko_sdk_4.3.0/app/bluetooth/common/sensor_select/sl_sensor_select.o
LOAD ./gecko_sdk_4.3.0/hardware/board/src/sl_board_control_gpio.o
LOAD ./gecko_sdk_4.3.0/hardware/board/src/sl_board_init.o
LOAD ./gecko_sdk_4.3.0/hardware/driver/configuration_over_swo/src/sl_cos.o
LOAD ./gecko_sdk_4.3.0/hardware/driver/joystick/src/sl_joystick.o
LOAD ./gecko_sdk_4.3.0/hardware/driver/memlcd/src/memlcd_usart/sl_memlcd_spi.o
LOAD ./gecko_sdk_4.3.0/hardware/driver/memlcd/src/sl_memlcd.o
LOAD ./gecko_sdk_4.3.0/hardware/driver/memlcd/src/sl_memlcd_display.o
LOAD ./gecko_sdk_4.3.0/hardware/driver/mx25_flash_shutdown/src/sl_mx25_flash_shutdown_usart/sl_mx25_flash_shutdown.o
LOAD ./gecko_sdk_4.3.0/hardware/driver/si70xx/src/sl_si70xx.o
LOAD ./gecko_sdk_4.3.0/platform/CMSIS/RTOS2/Source/os_systick.o
LOAD ./gecko_sdk_4.3.0/platform/Device/SiliconLabs/ZGM23/Source/startup_zgm23.o
LOAD ./gecko_sdk_4.3.0/platform/Device/SiliconLabs/ZGM23/Source/system_zgm23.o
LOAD ./gecko_sdk_4.3.0/platform/common/src/sl_assert.o
LOAD ./gecko_sdk_4.3.0/platform/common/toolchain/src/sl_memory.o
LOAD ./gecko_sdk_4.3.0/platform/driver/button/src/sl_button.o
LOAD ./gecko_sdk_4.3.0/platform/driver/button/src/sl_simple_button.o
LOAD ./gecko_sdk_4.3.0/platform/driver/debug/src/sl_debug_swo.o
LOAD ./gecko_sdk_4.3.0/platform/driver/i2cspm/src/sl_i2cspm.o
LOAD ./gecko_sdk_4.3.0/platform/driver/leddrv/src/sl_led.o
LOAD ./gecko_sdk_4.3.0/platform/driver/leddrv/src/sl_simple_led.o
LOAD ./gecko_sdk_4.3.0/platform/emdrv/gpiointerrupt/src/gpiointerrupt.o
LOAD ./gecko_sdk_4.3.0/platform/emlib/src/em_burtc.o
LOAD ./gecko_sdk_4.3.0/platform/emlib/src/em_cmu.o
LOAD ./gecko_sdk_4.3.0/platform/emlib/src/em_core.o
LOAD ./gecko_sdk_4.3.0/platform/emlib/src/em_emu.o
LOAD ./gecko_sdk_4.3.0/platform/emlib/src/em_gpio.o
LOAD ./gecko_sdk_4.3.0/platform/emlib/src/em_i2c.o
LOAD ./gecko_sdk_4.3.0/platform/emlib/src/em_iadc.o
LOAD ./gecko_sdk_4.3.0/platform/emlib/src/em_msc.o
LOAD ./gecko_sdk_4.3.0/platform/emlib/src/em_prs.o
LOAD ./gecko_sdk_4.3.0/platform/emlib/src/em_system.o
LOAD ./gecko_sdk_4.3.0/platform/emlib/src/em_timer.o
LOAD ./gecko_sdk_4.3.0/platform/emlib/src/em_usart.o
LOAD ./gecko_sdk_4.3.0/platform/middleware/glib/dmd/display/dmd_memlcd.o
LOAD ./gecko_sdk_4.3.0/platform/middleware/glib/fonts/glib_font_narrow_6x8.o
LOAD ./gecko_sdk_4.3.0/platform/middleware/glib/fonts/glib_font_normal_8x8.o
LOAD ./gecko_sdk_4.3.0/platform/middleware/glib/fonts/glib_font_number_16x20.o
LOAD ./gecko_sdk_4.3.0/platform/middleware/glib/glib/bmp.o
LOAD ./gecko_sdk_4.3.0/platform/middleware/glib/glib/glib.o
LOAD ./gecko_sdk_4.3.0/platform/middleware/glib/glib/glib_bitmap.o
LOAD ./gecko_sdk_4.3.0/platform/middleware/glib/glib/glib_circle.o
LOAD ./gecko_sdk_4.3.0/platform/middleware/glib/glib/glib_line.o
LOAD ./gecko_sdk_4.3.0/platform/middleware/glib/glib/glib_polygon.o
LOAD ./gecko_sdk_4.3.0/platform/middleware/glib/glib/glib_rectangle.o
LOAD ./gecko_sdk_4.3.0/platform/middleware/glib/glib/glib_string.o
LOAD ./gecko_sdk_4.3.0/platform/peripheral/src/peripheral_sysrtc.o
LOAD ./gecko_sdk_4.3.0/platform/service/device_init/src/sl_device_init_dcdc_s2.o
LOAD ./gecko_sdk_4.3.0/platform/service/device_init/src/sl_device_init_emu_s2.o
LOAD ./gecko_sdk_4.3.0/platform/service/device_init/src/sl_device_init_hfxo_s2.o
LOAD ./gecko_sdk_4.3.0/platform/service/device_init/src/sl_device_init_nvic.o
LOAD ./gecko_sdk_4.3.0/platform/service/sleeptimer/src/sl_sleeptimer.o
LOAD ./gecko_sdk_4.3.0/platform/service/sleeptimer/src/sl_sleeptimer_hal_burtc.o
LOAD ./gecko_sdk_4.3.0/platform/service/sleeptimer/src/sl_sleeptimer_hal_sysrtc.o
LOAD ./gecko_sdk_4.3.0/platform/service/sleeptimer/src/sl_sleeptimer_hal_timer.o
LOAD ./gecko_sdk_4.3.0/platform/service/system/src/sl_system_init.o
LOAD ./gecko_sdk_4.3.0/platform/service/system/src/sl_system_kernel.o
LOAD ./gecko_sdk_4.3.0/platform/service/udelay/src/sl_udelay.o
LOAD ./gecko_sdk_4.3.0/platform/service/udelay/src/sl_udelay_armv6m_gcc.o
LOAD ./gecko_sdk_4.3.0/util/third_party/freertos/cmsis/Source/cmsis_os2.o
LOAD ./gecko_sdk_4.3.0/util/third_party/freertos/kernel/croutine.o
LOAD ./gecko_sdk_4.3.0/util/third_party/freertos/kernel/event_groups.o
LOAD ./gecko_sdk_4.3.0/util/third_party/freertos/kernel/list.o
LOAD ./gecko_sdk_4.3.0/util/third_party/freertos/kernel/queue.o
LOAD ./gecko_sdk_4.3.0/util/third_party/freertos/kernel/stream_buffer.o
LOAD ./gecko_sdk_4.3.0/util/third_party/freertos/kernel/tasks.o
LOAD ./gecko_sdk_4.3.0/util/third_party/freertos/kernel/timers.o
LOAD ./gecko_sdk_4.3.0/util/third_party/freertos/kernel/portable/GCC/ARM_CM33_NTZ/non_secure/port.o
LOAD ./gecko_sdk_4.3.0/util/third_party/freertos/kernel/portable/GCC/ARM_CM33_NTZ/non_secure/portasm.o
LOAD ./gecko_sdk_4.3.0/util/third_party/freertos/kernel/portable/MemMang/heap_4.o
LOAD c:/siliconlabs/simplicitystudio/v5/developer/toolchains/gnu_arm/10.3_2021.10/bin/../lib/gcc/arm-none-eabi/10.3.1/thumb/v8-m.main+fp/hard\libgcc.a
LOAD c:/siliconlabs/simplicitystudio/v5/developer/toolchains/gnu_arm/10.3_2021.10/bin/../lib/gcc/arm-none-eabi/10.3.1/../../../../arm-none-eabi/lib/thumb/v8-m.main+fp/hard\libc_nano.a
LOAD c:/siliconlabs/simplicitystudio/v5/developer/toolchains/gnu_arm/10.3_2021.10/bin/../lib/gcc/arm-none-eabi/10.3.1/../../../../arm-none-eabi/lib/thumb/v8-m.main+fp/hard\libm.a
LOAD c:/siliconlabs/simplicitystudio/v5/developer/toolchains/gnu_arm/10.3_2021.10/bin/../lib/gcc/arm-none-eabi/10.3.1/../../../../arm-none-eabi/lib/thumb/v8-m.main+fp/hard\libnosys.a
END GROUP
START GROUP
LOAD c:/siliconlabs/simplicitystudio/v5/developer/toolchains/gnu_arm/10.3_2021.10/bin/../lib/gcc/arm-none-eabi/10.3.1/thumb/v8-m.main+fp/hard\libgcc.a
LOAD c:/siliconlabs/simplicitystudio/v5/developer/toolchains/gnu_arm/10.3_2021.10/bin/../lib/gcc/arm-none-eabi/10.3.1/../../../../arm-none-eabi/lib/thumb/v8-m.main+fp/hard\libc_nano.a
LOAD c:/siliconlabs/simplicitystudio/v5/developer/toolchains/gnu_arm/10.3_2021.10/bin/../lib/gcc/arm-none-eabi/10.3.1/../../../../arm-none-eabi/lib/thumb/v8-m.main+fp/hard\libnosys.a
END GROUP
START GROUP
LOAD c:/siliconlabs/simplicitystudio/v5/developer/toolchains/gnu_arm/10.3_2021.10/bin/../lib/gcc/arm-none-eabi/10.3.1/thumb/v8-m.main+fp/hard\libgcc.a
LOAD c:/siliconlabs/simplicitystudio/v5/developer/toolchains/gnu_arm/10.3_2021.10/bin/../lib/gcc/arm-none-eabi/10.3.1/../../../../arm-none-eabi/lib/thumb/v8-m.main+fp/hard\libg_nano.a
LOAD c:/siliconlabs/simplicitystudio/v5/developer/toolchains/gnu_arm/10.3_2021.10/bin/../lib/gcc/arm-none-eabi/10.3.1/../../../../arm-none-eabi/lib/thumb/v8-m.main+fp/hard\libc_nano.a
END GROUP
START GROUP
LOAD c:/siliconlabs/simplicitystudio/v5/developer/toolchains/gnu_arm/10.3_2021.10/bin/../lib/gcc/arm-none-eabi/10.3.1/thumb/v8-m.main+fp/hard\libgcc.a
LOAD c:/siliconlabs/simplicitystudio/v5/developer/toolchains/gnu_arm/10.3_2021.10/bin/../lib/gcc/arm-none-eabi/10.3.1/../../../../arm-none-eabi/lib/thumb/v8-m.main+fp/hard\libc_nano.a
END GROUP
LOAD c:/siliconlabs/simplicitystudio/v5/developer/toolchains/gnu_arm/10.3_2021.10/bin/../lib/gcc/arm-none-eabi/10.3.1/thumb/v8-m.main+fp/hard/crtend.o
LOAD c:/siliconlabs/simplicitystudio/v5/developer/toolchains/gnu_arm/10.3_2021.10/bin/../lib/gcc/arm-none-eabi/10.3.1/thumb/v8-m.main+fp/hard/crtn.o

.text           0x08000000     0x791c
                0x08000000                linker_vectors_begin = .
 *(.vectors)
 .vectors       0x08000000      0x170 ./gecko_sdk_4.3.0/platform/Device/SiliconLabs/ZGM23/Source/startup_zgm23.o
                0x08000000                __Vectors
                0x08000170                linker_vectors_end = .
                0x08000170                __Vectors_End = .
                0x08000170                __Vectors_Size = (__Vectors_End - __Vectors)
                0x08000170                linker_code_begin = .
 *(SORT_BY_ALIGNMENT(.text*))
 .text          0x08000170        0x8 ./gecko_sdk_4.3.0/platform/service/udelay/src/sl_udelay_armv6m_gcc.o
                0x08000170                sli_delay_loop
 *fill*         0x08000178        0x8 
 .text.vRestoreContextOfFirstTask
                0x08000180       0x34 ./gecko_sdk_4.3.0/util/third_party/freertos/kernel/portable/GCC/ARM_CM33_NTZ/non_secure/portasm.o
                0x08000180                vRestoreContextOfFirstTask
 *fill*         0x080001b4        0xc 
 .text.vStartFirstTask
                0x080001c0       0x24 ./gecko_sdk_4.3.0/util/third_party/freertos/kernel/portable/GCC/ARM_CM33_NTZ/non_secure/portasm.o
                0x080001c0                vStartFirstTask
 *fill*         0x080001e4        0xc 
 .text.PendSV_Handler
                0x080001f0       0x64 ./gecko_sdk_4.3.0/util/third_party/freertos/kernel/portable/GCC/ARM_CM33_NTZ/non_secure/portasm.o
                0x080001f0                PendSV_Handler
 *fill*         0x08000254        0xc 
 .text.SVC_Handler
                0x08000260       0x24 ./gecko_sdk_4.3.0/util/third_party/freertos/kernel/portable/GCC/ARM_CM33_NTZ/non_secure/portasm.o
                0x08000260                SVC_Handler
 .text          0x08000284       0x40 c:/siliconlabs/simplicitystudio/v5/developer/toolchains/gnu_arm/10.3_2021.10/bin/../lib/gcc/arm-none-eabi/10.3.1/thumb/v8-m.main+fp/hard/crtbegin.o
 .text          0x080002c4       0x7c c:/siliconlabs/simplicitystudio/v5/developer/toolchains/gnu_arm/10.3_2021.10/bin/../lib/gcc/arm-none-eabi/10.3.1/../../../../arm-none-eabi/lib/thumb/v8-m.main+fp/hard/crt0.o
                0x080002c4                _stack_init
                0x080002cc                _start
                0x080002cc                _mainCRTStartup
 .text.read_sensor_TASK
                0x08000340       0x38 ./Handle_event/I2C_handle.o
                0x08000340                read_sensor_TASK
 .text.memlcd_app_init
                0x08000378       0xa4 ./Handle_event/TFT.o
                0x08000378                memlcd_app_init
 .text.display_TASK
                0x0800041c       0xc0 ./Handle_event/TFT.o
                0x0800041c                display_TASK
 .text.Blink_TASK
                0x080004dc       0x94 ./Handle_event/blink.o
                0x080004dc                Blink_TASK
 .text.task_init
                0x08000570       0x9c ./RTOS_test.o
                0x08000570                task_init
 .text.sl_button_on_change
                0x0800060c       0x74 ./app.o
                0x0800060c                sl_button_on_change
 .text.sl_device_init_clocks
                0x08000680       0xac ./autogen/sl_device_init_clocks.o
                0x08000680                sl_device_init_clocks
 .text.sl_platform_init
                0x0800072c       0x98 ./autogen/sl_event_handler.o
                0x0800072c                sl_platform_init
 .text.sl_i2cspm_init_instances
                0x080007c4       0x18 ./autogen/sl_i2cspm_init.o
                0x080007c4                sl_i2cspm_init_instances
 .text.sl_simple_button_init_instances
                0x080007dc       0x1c ./autogen/sl_simple_button_instances.o
                0x080007dc                sl_simple_button_init_instances
 .text.sl_simple_led_init_instances
                0x080007f8       0x1c ./autogen/sl_simple_led_instances.o
                0x080007f8                sl_simple_led_init_instances
 .text.sl_board_enable_sensor
                0x08000814       0x60 ./gecko_sdk_4.3.0/hardware/board/src/sl_board_control_gpio.o
                0x08000814                sl_board_enable_sensor
 .text.sli_memlcd_spi_init
                0x08000874       0x98 ./gecko_sdk_4.3.0/hardware/driver/memlcd/src/memlcd_usart/sl_memlcd_spi.o
                0x08000874                sli_memlcd_spi_init
 .text.sl_memlcd_power_on.part.0
                0x0800090c       0x2c ./gecko_sdk_4.3.0/hardware/driver/memlcd/src/sl_memlcd.o
 .text.extcomin_toggle
                0x08000938       0x10 ./gecko_sdk_4.3.0/hardware/driver/memlcd/src/sl_memlcd.o
 .text.sl_memlcd_clear
                0x08000948       0x50 ./gecko_sdk_4.3.0/hardware/driver/memlcd/src/sl_memlcd.o
                0x08000948                sl_memlcd_clear
 .text.sl_memlcd_configure
                0x08000998       0x5c ./gecko_sdk_4.3.0/hardware/driver/memlcd/src/sl_memlcd.o
                0x08000998                sl_memlcd_configure
 .text.sl_memlcd_draw
                0x080009f4       0xb8 ./gecko_sdk_4.3.0/hardware/driver/memlcd/src/sl_memlcd.o
                0x080009f4                sl_memlcd_draw
 .text.sl_memlcd_get
                0x08000aac       0x18 ./gecko_sdk_4.3.0/hardware/driver/memlcd/src/sl_memlcd.o
                0x08000aac                sl_memlcd_get
 .text.sl_memlcd_init
                0x08000ac4       0x20 ./gecko_sdk_4.3.0/hardware/driver/memlcd/src/sl_memlcd_display.o
                0x08000ac4                sl_memlcd_init
 .text.cs_high  0x08000ae4       0x10 ./gecko_sdk_4.3.0/hardware/driver/mx25_flash_shutdown/src/sl_mx25_flash_shutdown_usart/sl_mx25_flash_shutdown.o
 .text.cs_low   0x08000af4       0x10 ./gecko_sdk_4.3.0/hardware/driver/mx25_flash_shutdown/src/sl_mx25_flash_shutdown_usart/sl_mx25_flash_shutdown.o
 .text.sl_mx25_flash_shutdown
                0x08000b04      0x118 ./gecko_sdk_4.3.0/hardware/driver/mx25_flash_shutdown/src/sl_mx25_flash_shutdown_usart/sl_mx25_flash_shutdown.o
                0x08000b04                sl_mx25_flash_shutdown
 .text.Reset_Handler
                0x08000c1c       0x60 ./gecko_sdk_4.3.0/platform/Device/SiliconLabs/ZGM23/Source/startup_zgm23.o
                0x08000c1c                Reset_Handler
 .text.SystemInit
                0x08000c7c       0x68 ./gecko_sdk_4.3.0/platform/Device/SiliconLabs/ZGM23/Source/system_zgm23.o
                0x08000c7c                SystemInit
 .text.SystemHFRCODPLLClockGet
                0x08000ce4        0xc ./gecko_sdk_4.3.0/platform/Device/SiliconLabs/ZGM23/Source/system_zgm23.o
                0x08000ce4                SystemHFRCODPLLClockGet
 .text.SystemSYSCLKGet
                0x08000cf0       0x34 ./gecko_sdk_4.3.0/platform/Device/SiliconLabs/ZGM23/Source/system_zgm23.o
                0x08000cf0                SystemSYSCLKGet
 .text.SystemHCLKGet
                0x08000d24       0x24 ./gecko_sdk_4.3.0/platform/Device/SiliconLabs/ZGM23/Source/system_zgm23.o
                0x08000d24                SystemHCLKGet
 .text.SystemMaxCoreClockGet
                0x08000d48        0x8 ./gecko_sdk_4.3.0/platform/Device/SiliconLabs/ZGM23/Source/system_zgm23.o
                0x08000d48                SystemMaxCoreClockGet
 .text.SystemHFXOClockGet
                0x08000d50        0xc ./gecko_sdk_4.3.0/platform/Device/SiliconLabs/ZGM23/Source/system_zgm23.o
                0x08000d50                SystemHFXOClockGet
 .text.SystemHFXOClockSet
                0x08000d5c       0x20 ./gecko_sdk_4.3.0/platform/Device/SiliconLabs/ZGM23/Source/system_zgm23.o
                0x08000d5c                SystemHFXOClockSet
 .text.SystemFSRCOClockGet
                0x08000d7c        0x8 ./gecko_sdk_4.3.0/platform/Device/SiliconLabs/ZGM23/Source/system_zgm23.o
                0x08000d7c                SystemFSRCOClockGet
 .text.SystemHFRCOEM23ClockGet
                0x08000d84       0x84 ./gecko_sdk_4.3.0/platform/Device/SiliconLabs/ZGM23/Source/system_zgm23.o
                0x08000d84                SystemHFRCOEM23ClockGet
 .text.SystemLFXOClockGet
                0x08000e08        0xc ./gecko_sdk_4.3.0/platform/Device/SiliconLabs/ZGM23/Source/system_zgm23.o
                0x08000e08                SystemLFXOClockGet
 .text._sbrk    0x08000e14       0x20 ./gecko_sdk_4.3.0/platform/common/toolchain/src/sl_memory.o
                0x08000e14                _sbrk
 .text.GPIO_PinInGet
                0x08000e34       0x54 ./gecko_sdk_4.3.0/platform/driver/button/src/sl_simple_button.o
 .text.sl_simple_button_init
                0x08000e88       0x6c ./gecko_sdk_4.3.0/platform/driver/button/src/sl_simple_button.o
                0x08000e88                sl_simple_button_init
 .text.sl_debug_swo_init
                0x08000ef4       0xc0 ./gecko_sdk_4.3.0/platform/driver/debug/src/sl_debug_swo.o
                0x08000ef4                sl_debug_swo_init
 .text.I2CSPM_Init
                0x08000fb4      0x180 ./gecko_sdk_4.3.0/platform/driver/i2cspm/src/sl_i2cspm.o
                0x08000fb4                I2CSPM_Init
 .text.I2CSPM_Transfer
                0x08001134       0x20 ./gecko_sdk_4.3.0/platform/driver/i2cspm/src/sl_i2cspm.o
                0x08001134                I2CSPM_Transfer
 .text.GPIO_PinOutClear
                0x08001154       0x50 ./gecko_sdk_4.3.0/platform/driver/leddrv/src/sl_simple_led.o
 .text.GPIO_PinOutSet
                0x080011a4       0x50 ./gecko_sdk_4.3.0/platform/driver/leddrv/src/sl_simple_led.o
 .text.sl_simple_led_toggle
                0x080011f4       0x4c ./gecko_sdk_4.3.0/platform/driver/leddrv/src/sl_simple_led.o
                0x080011f4                sl_simple_led_toggle
 .text.sl_simple_led_get_state
                0x08001240       0x5c ./gecko_sdk_4.3.0/platform/driver/leddrv/src/sl_simple_led.o
                0x08001240                sl_simple_led_get_state
 .text.GPIOINT_IRQDispatcher
                0x0800129c       0x38 ./gecko_sdk_4.3.0/platform/emdrv/gpiointerrupt/src/gpiointerrupt.o
 .text.GPIOINT_Init
                0x080012d4       0x30 ./gecko_sdk_4.3.0/platform/emdrv/gpiointerrupt/src/gpiointerrupt.o
                0x080012d4                GPIOINT_Init
 .text.GPIOINT_CallbackRegister
                0x08001304       0x24 ./gecko_sdk_4.3.0/platform/emdrv/gpiointerrupt/src/gpiointerrupt.o
                0x08001304                GPIOINT_CallbackRegister
 .text.GPIOINT_CallbackRegisterExt
                0x08001328       0x58 ./gecko_sdk_4.3.0/platform/emdrv/gpiointerrupt/src/gpiointerrupt.o
                0x08001328                GPIOINT_CallbackRegisterExt
 .text.GPIO_EVEN_IRQHandler
                0x08001380       0x24 ./gecko_sdk_4.3.0/platform/emdrv/gpiointerrupt/src/gpiointerrupt.o
                0x08001380                GPIO_EVEN_IRQHandler
 .text.GPIO_ODD_IRQHandler
                0x080013a4       0x24 ./gecko_sdk_4.3.0/platform/emdrv/gpiointerrupt/src/gpiointerrupt.o
                0x080013a4                GPIO_ODD_IRQHandler
 .text.EMU_VScaleGet
                0x080013c8       0x18 ./gecko_sdk_4.3.0/platform/emlib/src/em_cmu.o
 .text.em01GrpaClkGet
                0x080013e0       0x74 ./gecko_sdk_4.3.0/platform/emlib/src/em_cmu.o
 .text.em01GrpcClkGet
                0x08001454       0x70 ./gecko_sdk_4.3.0/platform/emlib/src/em_cmu.o
 .text.iadcClkGet
                0x080014c4       0x60 ./gecko_sdk_4.3.0/platform/emlib/src/em_cmu.o
 .text.lesenseHFClkGet
                0x08001524       0x48 ./gecko_sdk_4.3.0/platform/emlib/src/em_cmu.o
 .text.eusart0ClkGet
                0x0800156c       0x74 ./gecko_sdk_4.3.0/platform/emlib/src/em_cmu.o
 .text.em23GrpaClkGet
                0x080015e0       0x48 ./gecko_sdk_4.3.0/platform/emlib/src/em_cmu.o
 .text.vdac0ClkGet
                0x08001628       0x70 ./gecko_sdk_4.3.0/platform/emlib/src/em_cmu.o
 .text.pcnt0ClkGet
                0x08001698       0x4c ./gecko_sdk_4.3.0/platform/emlib/src/em_cmu.o
 .text.wdog0ClkGet
                0x080016e4       0x64 ./gecko_sdk_4.3.0/platform/emlib/src/em_cmu.o
 .text.wdog1ClkGet
                0x08001748       0x64 ./gecko_sdk_4.3.0/platform/emlib/src/em_cmu.o
 .text.sysrtcClkGet
                0x080017ac       0x48 ./gecko_sdk_4.3.0/platform/emlib/src/em_cmu.o
 .text.lcdClkGet
                0x080017f4       0x54 ./gecko_sdk_4.3.0/platform/emlib/src/em_cmu.o
 .text.em4GrpaClkGet
                0x08001848       0x48 ./gecko_sdk_4.3.0/platform/emlib/src/em_cmu.o
 .text.CMU_ClockDivGet
                0x08001890       0x84 ./gecko_sdk_4.3.0/platform/emlib/src/em_cmu.o
                0x08001890                CMU_ClockDivGet
 .text.flashWaitStateControl
                0x08001914       0x58 ./gecko_sdk_4.3.0/platform/emlib/src/em_cmu.o
 .text.CMU_ClockEnable
                0x0800196c       0x58 ./gecko_sdk_4.3.0/platform/emlib/src/em_cmu.o
                0x0800196c                CMU_ClockEnable
 .text.CMU_ClockFreqGet
                0x080019c4      0x270 ./gecko_sdk_4.3.0/platform/emlib/src/em_cmu.o
                0x080019c4                CMU_ClockFreqGet
 .text.rhclkPrescOptimize
                0x08001c34       0x20 ./gecko_sdk_4.3.0/platform/emlib/src/em_cmu.o
 .text.CMU_ClockSelectGet
                0x08001c54      0x268 ./gecko_sdk_4.3.0/platform/emlib/src/em_cmu.o
                0x08001c54                CMU_ClockSelectGet
 .text.sli_em_cmu_HFXOSetForceEnable
                0x08001ebc       0x1c ./gecko_sdk_4.3.0/platform/emlib/src/em_cmu.o
                0x08001ebc                sli_em_cmu_HFXOSetForceEnable
 .text.CMU_HFXOInit
                0x08001ed8      0x23c ./gecko_sdk_4.3.0/platform/emlib/src/em_cmu.o
                0x08001ed8                CMU_HFXOInit
 .text.CMU_HFXOCTuneDeltaGet
                0x08002114        0xc ./gecko_sdk_4.3.0/platform/emlib/src/em_cmu.o
                0x08002114                CMU_HFXOCTuneDeltaGet
 .text.CMU_HFXOPrecisionSet
                0x08002120        0xc ./gecko_sdk_4.3.0/platform/emlib/src/em_cmu.o
                0x08002120                CMU_HFXOPrecisionSet
 .text.CMU_ClockDivSet
                0x0800212c      0x104 ./gecko_sdk_4.3.0/platform/emlib/src/em_cmu.o
                0x0800212c                CMU_ClockDivSet
 .text.sli_em_cmu_SYSCLKInitPreClockSelect
                0x08002230       0x20 ./gecko_sdk_4.3.0/platform/emlib/src/em_cmu.o
                0x08002230                sli_em_cmu_SYSCLKInitPreClockSelect
 .text.pclkDivOptimize
                0x08002250       0x24 ./gecko_sdk_4.3.0/platform/emlib/src/em_cmu.o
 .text.CORE_NvicIRQDisabled
                0x08002274       0x34 ./gecko_sdk_4.3.0/platform/emlib/src/em_core.o
                0x08002274                CORE_NvicIRQDisabled
 .text.EMU_DCDCSync
                0x080022a8       0x10 ./gecko_sdk_4.3.0/platform/emlib/src/em_emu.o
 .text.EMU_EM4Init
                0x080022b8       0x14 ./gecko_sdk_4.3.0/platform/emlib/src/em_emu.o
                0x080022b8                EMU_EM4Init
 .text.EMU_VScaleEM01
                0x080022cc       0xb0 ./gecko_sdk_4.3.0/platform/emlib/src/em_emu.o
                0x080022cc                EMU_VScaleEM01
 .text.EMU_VScaleEM01ByClock
                0x0800237c       0x30 ./gecko_sdk_4.3.0/platform/emlib/src/em_emu.o
                0x0800237c                EMU_VScaleEM01ByClock
 .text.EMU_DCDCModeSet
                0x080023ac       0xbc ./gecko_sdk_4.3.0/platform/emlib/src/em_emu.o
                0x080023ac                EMU_DCDCModeSet
 .text.EMU_DCDCInit
                0x08002468       0x70 ./gecko_sdk_4.3.0/platform/emlib/src/em_emu.o
                0x08002468                EMU_DCDCInit
 .text.EMU_DCDCSetPFMXModePeakCurrent
                0x080024d8       0x70 ./gecko_sdk_4.3.0/platform/emlib/src/em_emu.o
                0x080024d8                EMU_DCDCSetPFMXModePeakCurrent
 .text.BUS_RegBitWrite
                0x08002548       0x30 ./gecko_sdk_4.3.0/platform/emlib/src/em_gpio.o
 .text.GPIO_PinOutSet
                0x08002578       0x50 ./gecko_sdk_4.3.0/platform/emlib/src/em_gpio.o
 .text.GPIO_PinOutClear
                0x080025c8       0x50 ./gecko_sdk_4.3.0/platform/emlib/src/em_gpio.o
 .text.GPIO_ExtIntConfig
                0x08002618       0xf8 ./gecko_sdk_4.3.0/platform/emlib/src/em_gpio.o
                0x08002618                GPIO_ExtIntConfig
 .text.GPIO_PinModeSet
                0x08002710       0xa8 ./gecko_sdk_4.3.0/platform/emlib/src/em_gpio.o
                0x08002710                GPIO_PinModeSet
 .text.I2C_BusFreqSet
                0x080027b8       0xe4 ./gecko_sdk_4.3.0/platform/emlib/src/em_i2c.o
                0x080027b8                I2C_BusFreqSet
 .text.I2C_Enable
                0x0800289c       0x38 ./gecko_sdk_4.3.0/platform/emlib/src/em_i2c.o
                0x0800289c                I2C_Enable
 .text.I2C_Init
                0x080028d4       0x64 ./gecko_sdk_4.3.0/platform/emlib/src/em_i2c.o
                0x080028d4                I2C_Init
 .text.I2C_Transfer
                0x08002938      0x240 ./gecko_sdk_4.3.0/platform/emlib/src/em_i2c.o
                0x08002938                I2C_Transfer
 .text.I2C_TransferInit
                0x08002b78       0xb8 ./gecko_sdk_4.3.0/platform/emlib/src/em_i2c.o
                0x08002b78                I2C_TransferInit
 .text.PRS_ConvertToSyncSource
                0x08002c30       0x54 ./gecko_sdk_4.3.0/platform/emlib/src/em_prs.o
                0x08002c30                PRS_ConvertToSyncSource
 .text.PRS_ConvertToSyncSignal
                0x08002c84       0x54 ./gecko_sdk_4.3.0/platform/emlib/src/em_prs.o
                0x08002c84                PRS_ConvertToSyncSignal
 .text.PRS_ConnectSignal
                0x08002cd8       0x64 ./gecko_sdk_4.3.0/platform/emlib/src/em_prs.o
                0x08002cd8                PRS_ConnectSignal
 .text.PRS_ConnectConsumer
                0x08002d3c       0x38 ./gecko_sdk_4.3.0/platform/emlib/src/em_prs.o
                0x08002d3c                PRS_ConnectConsumer
 .text.USART_BaudrateSyncSet
                0x08002d74       0x48 ./gecko_sdk_4.3.0/platform/emlib/src/em_usart.o
                0x08002d74                USART_BaudrateSyncSet
 .text.USART_Reset
                0x08002dbc       0x58 ./gecko_sdk_4.3.0/platform/emlib/src/em_usart.o
                0x08002dbc                USART_Reset
 .text.USART_InitSync
                0x08002e14       0xc0 ./gecko_sdk_4.3.0/platform/emlib/src/em_usart.o
                0x08002e14                USART_InitSync
 .text.setLineDirty
                0x08002ed4       0x20 ./gecko_sdk_4.3.0/platform/middleware/glib/dmd/display/dmd_memlcd.o
 .text.DMD_getDisplayGeometry
                0x08002ef4       0x1c ./gecko_sdk_4.3.0/platform/middleware/glib/dmd/display/dmd_memlcd.o
                0x08002ef4                DMD_getDisplayGeometry
 .text.DMD_setClippingArea
                0x08002f10       0x40 ./gecko_sdk_4.3.0/platform/middleware/glib/dmd/display/dmd_memlcd.o
                0x08002f10                DMD_setClippingArea
 .text.DMD_writeColor
                0x08002f50      0x124 ./gecko_sdk_4.3.0/platform/middleware/glib/dmd/display/dmd_memlcd.o
                0x08002f50                DMD_writeColor
 .text.DMD_init
                0x08003074       0x54 ./gecko_sdk_4.3.0/platform/middleware/glib/dmd/display/dmd_memlcd.o
                0x08003074                DMD_init
 .text.DMD_updateDisplay
                0x080030c8       0x80 ./gecko_sdk_4.3.0/platform/middleware/glib/dmd/display/dmd_memlcd.o
                0x080030c8                DMD_updateDisplay
 .text.GLIB_contextInit
                0x08003148       0x54 ./gecko_sdk_4.3.0/platform/middleware/glib/glib/glib.o
                0x08003148                GLIB_contextInit
 .text.sl_sysrtc_wait_ready
                0x0800319c       0x1c ./gecko_sdk_4.3.0/platform/peripheral/src/peripheral_sysrtc.o
 .text.sl_sysrtc_enable
                0x080031b8       0x18 ./gecko_sdk_4.3.0/platform/peripheral/src/peripheral_sysrtc.o
                0x080031b8                sl_sysrtc_enable
 .text.sl_sysrtc_disable
                0x080031d0       0x28 ./gecko_sdk_4.3.0/platform/peripheral/src/peripheral_sysrtc.o
                0x080031d0                sl_sysrtc_disable
 .text.sl_sysrtc_init
                0x080031f8       0x20 ./gecko_sdk_4.3.0/platform/peripheral/src/peripheral_sysrtc.o
                0x080031f8                sl_sysrtc_init
 .text.sl_sysrtc_init_group
                0x08003218       0x50 ./gecko_sdk_4.3.0/platform/peripheral/src/peripheral_sysrtc.o
                0x08003218                sl_sysrtc_init_group
 .text.sl_sysrtc_enable_group_interrupts
                0x08003268       0x1c ./gecko_sdk_4.3.0/platform/peripheral/src/peripheral_sysrtc.o
                0x08003268                sl_sysrtc_enable_group_interrupts
 .text.sl_sysrtc_disable_group_interrupts
                0x08003284       0x1c ./gecko_sdk_4.3.0/platform/peripheral/src/peripheral_sysrtc.o
                0x08003284                sl_sysrtc_disable_group_interrupts
 .text.sl_sysrtc_clear_group_interrupts
                0x080032a0       0x1c ./gecko_sdk_4.3.0/platform/peripheral/src/peripheral_sysrtc.o
                0x080032a0                sl_sysrtc_clear_group_interrupts
 .text.sl_sysrtc_get_group_interrupts
                0x080032bc       0x20 ./gecko_sdk_4.3.0/platform/peripheral/src/peripheral_sysrtc.o
                0x080032bc                sl_sysrtc_get_group_interrupts
 .text.sl_sysrtc_get_group_compare_channel_value
                0x080032dc       0x30 ./gecko_sdk_4.3.0/platform/peripheral/src/peripheral_sysrtc.o
                0x080032dc                sl_sysrtc_get_group_compare_channel_value
 .text.sl_sysrtc_set_group_compare_channel_value
                0x0800330c       0x2c ./gecko_sdk_4.3.0/platform/peripheral/src/peripheral_sysrtc.o
                0x0800330c                sl_sysrtc_set_group_compare_channel_value
 .text.sl_device_init_dcdc
                0x08003338       0x2c ./gecko_sdk_4.3.0/platform/service/device_init/src/sl_device_init_dcdc_s2.o
                0x08003338                sl_device_init_dcdc
 .text.sl_device_init_emu
                0x08003364       0x24 ./gecko_sdk_4.3.0/platform/service/device_init/src/sl_device_init_emu_s2.o
                0x08003364                sl_device_init_emu
 .text.sl_device_init_hfxo
                0x08003388       0x74 ./gecko_sdk_4.3.0/platform/service/device_init/src/sl_device_init_hfxo_s2.o
                0x08003388                sl_device_init_hfxo
 .text.sl_device_init_nvic
                0x080033fc       0x3c ./gecko_sdk_4.3.0/platform/service/device_init/src/sl_device_init_nvic.o
                0x080033fc                sl_device_init_nvic
 .text.delta_list_insert_timer
                0x08003438       0x44 ./gecko_sdk_4.3.0/platform/service/sleeptimer/src/sl_sleeptimer.o
 .text.update_delta_list
                0x0800347c       0x38 ./gecko_sdk_4.3.0/platform/service/sleeptimer/src/sl_sleeptimer.o
 .text.set_comparator_for_next_timer
                0x080034b4       0x5c ./gecko_sdk_4.3.0/platform/service/sleeptimer/src/sl_sleeptimer.o
 .text.create_timer
                0x08003510       0x8c ./gecko_sdk_4.3.0/platform/service/sleeptimer/src/sl_sleeptimer.o
 .text.delta_list_remove_timer
                0x0800359c       0x38 ./gecko_sdk_4.3.0/platform/service/sleeptimer/src/sl_sleeptimer.o
 .text.sl_sleeptimer_init
                0x080035d4       0x74 ./gecko_sdk_4.3.0/platform/service/sleeptimer/src/sl_sleeptimer.o
                0x080035d4                sl_sleeptimer_init
 .text.sl_sleeptimer_stop_timer
                0x08003648       0x50 ./gecko_sdk_4.3.0/platform/service/sleeptimer/src/sl_sleeptimer.o
                0x08003648                sl_sleeptimer_stop_timer
 .text.sl_sleeptimer_is_timer_running
                0x08003698       0x38 ./gecko_sdk_4.3.0/platform/service/sleeptimer/src/sl_sleeptimer.o
                0x08003698                sl_sleeptimer_is_timer_running
 .text.sl_sleeptimer_get_timer_frequency
                0x080036d0        0xc ./gecko_sdk_4.3.0/platform/service/sleeptimer/src/sl_sleeptimer.o
                0x080036d0                sl_sleeptimer_get_timer_frequency
 .text.sl_sleeptimer_ms_to_tick
                0x080036dc       0x24 ./gecko_sdk_4.3.0/platform/service/sleeptimer/src/sl_sleeptimer.o
                0x080036dc                sl_sleeptimer_ms_to_tick
 .text.sl_sleeptimer_delay_millisecond
                0x08003700       0x38 ./gecko_sdk_4.3.0/platform/service/sleeptimer/src/sl_sleeptimer.o
                0x08003700                sl_sleeptimer_delay_millisecond
 .text.process_timer_irq
                0x08003738      0x158 ./gecko_sdk_4.3.0/platform/service/sleeptimer/src/sl_sleeptimer.o
                0x08003738                process_timer_irq
 .text.sl_sysrtc_wait_sync
                0x08003890       0x14 ./gecko_sdk_4.3.0/platform/service/sleeptimer/src/sl_sleeptimer_hal_sysrtc.o
 .text.sleeptimer_hal_init_timer
                0x080038a4       0x90 ./gecko_sdk_4.3.0/platform/service/sleeptimer/src/sl_sleeptimer_hal_sysrtc.o
                0x080038a4                sleeptimer_hal_init_timer
 .text.sleeptimer_hal_get_counter
                0x08003934       0x10 ./gecko_sdk_4.3.0/platform/service/sleeptimer/src/sl_sleeptimer_hal_sysrtc.o
                0x08003934                sleeptimer_hal_get_counter
 .text.sleeptimer_hal_set_compare_prs_hfxo_startup
                0x08003944       0x50 ./gecko_sdk_4.3.0/platform/service/sleeptimer/src/sl_sleeptimer_hal_sysrtc.o
                0x08003944                sleeptimer_hal_set_compare_prs_hfxo_startup
 .text.sleeptimer_hal_set_compare
                0x08003994       0x70 ./gecko_sdk_4.3.0/platform/service/sleeptimer/src/sl_sleeptimer_hal_sysrtc.o
                0x08003994                sleeptimer_hal_set_compare
 .text.sleeptimer_hal_disable_int
                0x08003a04       0x2c ./gecko_sdk_4.3.0/platform/service/sleeptimer/src/sl_sleeptimer_hal_sysrtc.o
                0x08003a04                sleeptimer_hal_disable_int
 .text.sleeptimer_hal_set_int
                0x08003a30       0x10 ./gecko_sdk_4.3.0/platform/service/sleeptimer/src/sl_sleeptimer_hal_sysrtc.o
                0x08003a30                sleeptimer_hal_set_int
 .text.sl_udelay_wait
                0x08003a40       0x58 ./gecko_sdk_4.3.0/platform/service/udelay/src/sl_udelay.o
                0x08003a40                sl_udelay_wait
 .text.osKernelInitialize
                0x08003a98       0x34 ./gecko_sdk_4.3.0/util/third_party/freertos/cmsis/Source/cmsis_os2.o
                0x08003a98                osKernelInitialize
 .text.osKernelStart
                0x08003acc       0x48 ./gecko_sdk_4.3.0/util/third_party/freertos/cmsis/Source/cmsis_os2.o
                0x08003acc                osKernelStart
 .text.vApplicationStackOverflowHook
                0x08003b14       0x10 ./gecko_sdk_4.3.0/util/third_party/freertos/cmsis/Source/cmsis_os2.o
                0x08003b14                vApplicationStackOverflowHook
 .text.vApplicationGetIdleTaskMemory
                0x08003b24       0x18 ./gecko_sdk_4.3.0/util/third_party/freertos/cmsis/Source/cmsis_os2.o
                0x08003b24                vApplicationGetIdleTaskMemory
 .text.vApplicationGetTimerTaskMemory
                0x08003b3c       0x18 ./gecko_sdk_4.3.0/util/third_party/freertos/cmsis/Source/cmsis_os2.o
                0x08003b3c                vApplicationGetTimerTaskMemory
 .text.xQueueGenericReset
                0x08003b54       0x6c ./gecko_sdk_4.3.0/util/third_party/freertos/kernel/queue.o
                0x08003b54                xQueueGenericReset
 .text.xQueueGenericCreateStatic
                0x08003bc0       0x7c ./gecko_sdk_4.3.0/util/third_party/freertos/kernel/queue.o
                0x08003bc0                xQueueGenericCreateStatic
 .text.xQueueGenericCreate
                0x08003c3c       0x74 ./gecko_sdk_4.3.0/util/third_party/freertos/kernel/queue.o
                0x08003c3c                xQueueGenericCreate
 .text.xQueueGenericSend
                0x08003cb0      0x12c ./gecko_sdk_4.3.0/util/third_party/freertos/kernel/queue.o
                0x08003cb0                xQueueGenericSend
 .text.xQueueGenericSendFromISR
                0x08003ddc       0xb4 ./gecko_sdk_4.3.0/util/third_party/freertos/kernel/queue.o
                0x08003ddc                xQueueGenericSendFromISR
 .text.xQueueReceive
                0x08003e90      0x104 ./gecko_sdk_4.3.0/util/third_party/freertos/kernel/queue.o
                0x08003e90                xQueueReceive
 .text.vQueueAddToRegistry
                0x08003f94       0x24 ./gecko_sdk_4.3.0/util/third_party/freertos/kernel/queue.o
                0x08003f94                vQueueAddToRegistry
 .text.prvAddNewTaskToReadyList
                0x08003fb8       0xf4 ./gecko_sdk_4.3.0/util/third_party/freertos/kernel/tasks.o
 .text.prvAddCurrentTaskToDelayedList
                0x080040ac       0x70 ./gecko_sdk_4.3.0/util/third_party/freertos/kernel/tasks.o
 .text.prvResetNextTaskUnblockTime
                0x0800411c       0x24 ./gecko_sdk_4.3.0/util/third_party/freertos/kernel/tasks.o
 .text.prvTaskIsTaskSuspended
                0x08004140       0x38 ./gecko_sdk_4.3.0/util/third_party/freertos/kernel/tasks.o
 .text.prvDeleteTCB
                0x08004178       0x38 ./gecko_sdk_4.3.0/util/third_party/freertos/kernel/tasks.o
 .text.prvIdleTask
                0x080041b0       0x50 ./gecko_sdk_4.3.0/util/third_party/freertos/kernel/tasks.o
 .text.xTaskCreateStatic
                0x08004200       0x84 ./gecko_sdk_4.3.0/util/third_party/freertos/kernel/tasks.o
                0x08004200                xTaskCreateStatic
 .text.xTaskResumeFromISR
                0x08004284       0x98 ./gecko_sdk_4.3.0/util/third_party/freertos/kernel/tasks.o
                0x08004284                xTaskResumeFromISR
 .text.vTaskStartScheduler
                0x0800431c       0x84 ./gecko_sdk_4.3.0/util/third_party/freertos/kernel/tasks.o
                0x0800431c                vTaskStartScheduler
 .text.vTaskSuspendAll
                0x080043a0       0x10 ./gecko_sdk_4.3.0/util/third_party/freertos/kernel/tasks.o
                0x080043a0                vTaskSuspendAll
 .text.xTaskGetTickCount
                0x080043b0        0xc ./gecko_sdk_4.3.0/util/third_party/freertos/kernel/tasks.o
                0x080043b0                xTaskGetTickCount
 .text.xTaskIncrementTick
                0x080043bc      0x128 ./gecko_sdk_4.3.0/util/third_party/freertos/kernel/tasks.o
                0x080043bc                xTaskIncrementTick
 .text.xTaskResumeAll
                0x080044e4       0xd4 ./gecko_sdk_4.3.0/util/third_party/freertos/kernel/tasks.o
                0x080044e4                xTaskResumeAll
 .text.vTaskDelay
                0x080045b8       0x3c ./gecko_sdk_4.3.0/util/third_party/freertos/kernel/tasks.o
                0x080045b8                vTaskDelay
 .text.vTaskSwitchContext
                0x080045f4       0xa8 ./gecko_sdk_4.3.0/util/third_party/freertos/kernel/tasks.o
                0x080045f4                vTaskSwitchContext
 .text.vTaskSuspend
                0x0800469c       0xa0 ./gecko_sdk_4.3.0/util/third_party/freertos/kernel/tasks.o
                0x0800469c                vTaskSuspend
 .text.vTaskPlaceOnEventList
                0x0800473c       0x34 ./gecko_sdk_4.3.0/util/third_party/freertos/kernel/tasks.o
                0x0800473c                vTaskPlaceOnEventList
 .text.vTaskPlaceOnEventListRestricted
                0x08004770       0x40 ./gecko_sdk_4.3.0/util/third_party/freertos/kernel/tasks.o
                0x08004770                vTaskPlaceOnEventListRestricted
 .text.xTaskRemoveFromEventList
                0x080047b0       0x84 ./gecko_sdk_4.3.0/util/third_party/freertos/kernel/tasks.o
                0x080047b0                xTaskRemoveFromEventList
 .text.vTaskInternalSetTimeOutState
                0x08004834       0x18 ./gecko_sdk_4.3.0/util/third_party/freertos/kernel/tasks.o
                0x08004834                vTaskInternalSetTimeOutState
 .text.xTaskCheckForTimeOut
                0x0800484c       0x6c ./gecko_sdk_4.3.0/util/third_party/freertos/kernel/tasks.o
                0x0800484c                xTaskCheckForTimeOut
 .text.vTaskMissedYield
                0x080048b8        0xc ./gecko_sdk_4.3.0/util/third_party/freertos/kernel/tasks.o
                0x080048b8                vTaskMissedYield
 .text.xTaskGetSchedulerState
                0x080048c4       0x20 ./gecko_sdk_4.3.0/util/third_party/freertos/kernel/tasks.o
                0x080048c4                xTaskGetSchedulerState
 .text.xTaskPriorityDisinherit
                0x080048e4       0x80 ./gecko_sdk_4.3.0/util/third_party/freertos/kernel/tasks.o
                0x080048e4                xTaskPriorityDisinherit
 .text.prvCheckForValidListAndQueue
                0x08004964       0x68 ./gecko_sdk_4.3.0/util/third_party/freertos/kernel/timers.o
 .text.prvInsertTimerInActiveList
                0x080049cc       0x3c ./gecko_sdk_4.3.0/util/third_party/freertos/kernel/timers.o
 .text.xTimerCreateTimerTask
                0x08004a08       0x64 ./gecko_sdk_4.3.0/util/third_party/freertos/kernel/timers.o
                0x08004a08                xTimerCreateTimerTask
 .text.xTimerGenericCommand
                0x08004a6c       0x58 ./gecko_sdk_4.3.0/util/third_party/freertos/kernel/timers.o
                0x08004a6c                xTimerGenericCommand
 .text.prvSampleTimeNow
                0x08004ac4       0xb0 ./gecko_sdk_4.3.0/util/third_party/freertos/kernel/timers.o
 .text.prvTimerTask
                0x08004b74      0x1bc ./gecko_sdk_4.3.0/util/third_party/freertos/kernel/timers.o
 .text.prvTaskExitError
                0x08004d30       0x30 ./gecko_sdk_4.3.0/util/third_party/freertos/kernel/portable/GCC/ARM_CM33_NTZ/non_secure/port.o
 .text.vPortSetupTimerInterrupt
                0x08004d60       0x24 ./gecko_sdk_4.3.0/util/third_party/freertos/kernel/portable/GCC/ARM_CM33_NTZ/non_secure/port.o
                0x08004d60                vPortSetupTimerInterrupt
 .text.vPortEnterCritical
                0x08004d84       0x1c ./gecko_sdk_4.3.0/util/third_party/freertos/kernel/portable/GCC/ARM_CM33_NTZ/non_secure/port.o
                0x08004d84                vPortEnterCritical
 .text.vPortExitCritical
                0x08004da0       0x30 ./gecko_sdk_4.3.0/util/third_party/freertos/kernel/portable/GCC/ARM_CM33_NTZ/non_secure/port.o
                0x08004da0                vPortExitCritical
 .text.vPortSVCHandler_C
                0x08004dd0       0x38 ./gecko_sdk_4.3.0/util/third_party/freertos/kernel/portable/GCC/ARM_CM33_NTZ/non_secure/port.o
                0x08004dd0                vPortSVCHandler_C
 .text.pxPortInitialiseStack
                0x08004e08       0x70 ./gecko_sdk_4.3.0/util/third_party/freertos/kernel/portable/GCC/ARM_CM33_NTZ/non_secure/port.o
                0x08004e08                pxPortInitialiseStack
 .text.xPortStartScheduler
                0x08004e78       0x3c ./gecko_sdk_4.3.0/util/third_party/freertos/kernel/portable/GCC/ARM_CM33_NTZ/non_secure/port.o
                0x08004e78                xPortStartScheduler
 .text.prvInsertBlockIntoFreeList
                0x08004eb4       0x48 ./gecko_sdk_4.3.0/util/third_party/freertos/kernel/portable/MemMang/heap_4.o
 .text.pvPortMalloc
                0x08004efc      0x138 ./gecko_sdk_4.3.0/util/third_party/freertos/kernel/portable/MemMang/heap_4.o
                0x08004efc                pvPortMalloc
 .text.vPortFree
                0x08005034       0x80 ./gecko_sdk_4.3.0/util/third_party/freertos/kernel/portable/MemMang/heap_4.o
                0x08005034                vPortFree
 .text          0x080050b4       0x30 c:/siliconlabs/simplicitystudio/v5/developer/toolchains/gnu_arm/10.3_2021.10/bin/../lib/gcc/arm-none-eabi/10.3.1/thumb/v8-m.main+fp/hard\libgcc.a(_aeabi_uldivmod.o)
                0x080050b4                __aeabi_uldivmod
 .text          0x080050e4      0x2ec c:/siliconlabs/simplicitystudio/v5/developer/toolchains/gnu_arm/10.3_2021.10/bin/../lib/gcc/arm-none-eabi/10.3.1/thumb/v8-m.main+fp/hard\libgcc.a(_udivmoddi4.o)
                0x080050e4                __udivmoddi4
 .text          0x080053d0        0x4 c:/siliconlabs/simplicitystudio/v5/developer/toolchains/gnu_arm/10.3_2021.10/bin/../lib/gcc/arm-none-eabi/10.3.1/thumb/v8-m.main+fp/hard\libgcc.a(_dvmd_tls.o)
                0x080053d0                __aeabi_idiv0
                0x080053d0                __aeabi_ldiv0
 .text.exit     0x080053d4       0x28 c:/siliconlabs/simplicitystudio/v5/developer/toolchains/gnu_arm/10.3_2021.10/bin/../lib/gcc/arm-none-eabi/10.3.1/../../../../arm-none-eabi/lib/thumb/v8-m.main+fp/hard\libc_nano.a(lib_a-exit.o)
                0x080053d4                exit
 .text.__libc_init_array
                0x080053fc       0x48 c:/siliconlabs/simplicitystudio/v5/developer/toolchains/gnu_arm/10.3_2021.10/bin/../lib/gcc/arm-none-eabi/10.3.1/../../../../arm-none-eabi/lib/thumb/v8-m.main+fp/hard\libc_nano.a(lib_a-init.o)
                0x080053fc                __libc_init_array
 .text.sprintf  0x08005444       0x40 c:/siliconlabs/simplicitystudio/v5/developer/toolchains/gnu_arm/10.3_2021.10/bin/../lib/gcc/arm-none-eabi/10.3.1/../../../../arm-none-eabi/lib/thumb/v8-m.main+fp/hard\libc_nano.a(lib_a-sprintf.o)
                0x08005444                siprintf
                0x08005444                sprintf
 .text._svfprintf_r
                0x08005484      0x200 c:/siliconlabs/simplicitystudio/v5/developer/toolchains/gnu_arm/10.3_2021.10/bin/../lib/gcc/arm-none-eabi/10.3.1/../../../../arm-none-eabi/lib/thumb/v8-m.main+fp/hard\libc_nano.a(lib_a-nano-svfprintf.o)
                0x08005484                _svfiprintf_r
                0x08005484                _svfprintf_r
 .text._printf_i
                0x08005684      0x24c c:/siliconlabs/simplicitystudio/v5/developer/toolchains/gnu_arm/10.3_2021.10/bin/../lib/gcc/arm-none-eabi/10.3.1/../../../../arm-none-eabi/lib/thumb/v8-m.main+fp/hard\libc_nano.a(lib_a-nano-vfprintf_i.o)
                0x08005684                _printf_i
 .text._free_r  0x080058d0       0x98 c:/siliconlabs/simplicitystudio/v5/developer/toolchains/gnu_arm/10.3_2021.10/bin/../lib/gcc/arm-none-eabi/10.3.1/../../../../arm-none-eabi/lib/thumb/v8-m.main+fp/hard\libc_nano.a(lib_a-nano-freer.o)
                0x080058d0                _free_r
 .text.sbrk_aligned
                0x08005968       0x40 c:/siliconlabs/simplicitystudio/v5/developer/toolchains/gnu_arm/10.3_2021.10/bin/../lib/gcc/arm-none-eabi/10.3.1/../../../../arm-none-eabi/lib/thumb/v8-m.main+fp/hard\libc_nano.a(lib_a-nano-mallocr.o)
 .text._malloc_r
                0x080059a8       0xe8 c:/siliconlabs/simplicitystudio/v5/developer/toolchains/gnu_arm/10.3_2021.10/bin/../lib/gcc/arm-none-eabi/10.3.1/../../../../arm-none-eabi/lib/thumb/v8-m.main+fp/hard\libc_nano.a(lib_a-nano-mallocr.o)
                0x080059a8                _malloc_r
 .text._sbrk_r  0x08005a90       0x20 c:/siliconlabs/simplicitystudio/v5/developer/toolchains/gnu_arm/10.3_2021.10/bin/../lib/gcc/arm-none-eabi/10.3.1/../../../../arm-none-eabi/lib/thumb/v8-m.main+fp/hard\libc_nano.a(lib_a-sbrkr.o)
                0x08005a90                _sbrk_r
 .text.__malloc_lock
                0x08005ab0        0xc c:/siliconlabs/simplicitystudio/v5/developer/toolchains/gnu_arm/10.3_2021.10/bin/../lib/gcc/arm-none-eabi/10.3.1/../../../../arm-none-eabi/lib/thumb/v8-m.main+fp/hard\libc_nano.a(lib_a-mlock.o)
                0x08005ab0                __malloc_lock
 .text.__malloc_unlock
                0x08005abc        0xc c:/siliconlabs/simplicitystudio/v5/developer/toolchains/gnu_arm/10.3_2021.10/bin/../lib/gcc/arm-none-eabi/10.3.1/../../../../arm-none-eabi/lib/thumb/v8-m.main+fp/hard\libc_nano.a(lib_a-mlock.o)
                0x08005abc                __malloc_unlock
 .text._exit    0x08005ac8        0x4 c:/siliconlabs/simplicitystudio/v5/developer/toolchains/gnu_arm/10.3_2021.10/bin/../lib/gcc/arm-none-eabi/10.3.1/../../../../arm-none-eabi/lib/thumb/v8-m.main+fp/hard\libnosys.a(_exit.o)
                0x08005ac8                _exit
 .text.app_init
                0x08005acc        0xe ./app.o
                0x08005acc                app_init
 .text.startup.main
                0x08005ada       0x12 ./main.o
                0x08005ada                main
 .text.sl_board_default_init
                0x08005aec        0x4 ./autogen/sl_board_default_init.o
                0x08005aec                sl_board_default_init
 .text.sl_kernel_start
                0x08005af0        0x4 ./autogen/sl_event_handler.o
                0x08005af0                sl_kernel_start
 .text.sl_driver_init
                0x08005af4       0x1e ./autogen/sl_event_handler.o
                0x08005af4                sl_driver_init
 .text.sl_service_init
                0x08005b12        0xe ./autogen/sl_event_handler.o
                0x08005b12                sl_service_init
 .text.sl_stack_init
                0x08005b20        0x2 ./autogen/sl_event_handler.o
                0x08005b20                sl_stack_init
 .text.sl_internal_app_init
                0x08005b22        0x2 ./autogen/sl_event_handler.o
                0x08005b22                sl_internal_app_init
 .text.sl_board_configure_vcom
                0x08005b24        0x4 ./gecko_sdk_4.3.0/hardware/board/src/sl_board_control_gpio.o
                0x08005b24                sl_board_configure_vcom
 .text.sl_board_disable_vcom
                0x08005b28       0x12 ./gecko_sdk_4.3.0/hardware/board/src/sl_board_control_gpio.o
                0x08005b28                sl_board_disable_vcom
 .text.sl_board_enable_display
                0x08005b3a       0x12 ./gecko_sdk_4.3.0/hardware/board/src/sl_board_control_gpio.o
                0x08005b3a                sl_board_enable_display
 .text.sl_board_init
                0x08005b4c       0x1c ./gecko_sdk_4.3.0/hardware/board/src/sl_board_init.o
                0x08005b4c                sl_board_init
 .text.sl_board_preinit
                0x08005b68        0x8 ./gecko_sdk_4.3.0/hardware/board/src/sl_board_init.o
                0x08005b68                sl_board_preinit
 .text.sl_cos_send_config
                0x08005b70       0x12 ./gecko_sdk_4.3.0/hardware/driver/configuration_over_swo/src/sl_cos.o
                0x08005b70                sl_cos_send_config
 .text.sli_memlcd_spi_tx
                0x08005b82       0x22 ./gecko_sdk_4.3.0/hardware/driver/memlcd/src/memlcd_usart/sl_memlcd_spi.o
                0x08005b82                sli_memlcd_spi_tx
 .text.sli_memlcd_spi_wait
                0x08005ba4        0xa ./gecko_sdk_4.3.0/hardware/driver/memlcd/src/memlcd_usart/sl_memlcd_spi.o
                0x08005ba4                sli_memlcd_spi_wait
 .text.sli_memlcd_spi_rx_flush
                0x08005bae       0x14 ./gecko_sdk_4.3.0/hardware/driver/memlcd/src/memlcd_usart/sl_memlcd_spi.o
                0x08005bae                sli_memlcd_spi_rx_flush
 .text.sl_si70xx_send_command
                0x08005bc2       0x50 ./gecko_sdk_4.3.0/hardware/driver/si70xx/src/sl_si70xx.o
 .text.sl_si70xx_measure_rh_and_temp
                0x08005c12       0x4a ./gecko_sdk_4.3.0/hardware/driver/si70xx/src/sl_si70xx.o
                0x08005c12                sl_si70xx_measure_rh_and_temp
 .text.sl_si70xx_present
                0x08005c5c       0x4c ./gecko_sdk_4.3.0/hardware/driver/si70xx/src/sl_si70xx.o
                0x08005c5c                sl_si70xx_present
 .text.sl_si70xx_init
                0x08005ca8       0x2c ./gecko_sdk_4.3.0/hardware/driver/si70xx/src/sl_si70xx.o
                0x08005ca8                sl_si70xx_init
 .text.Default_Handler
                0x08005cd4        0x2 ./gecko_sdk_4.3.0/platform/Device/SiliconLabs/ZGM23/Source/startup_zgm23.o
                0x08005cd4                ULFRCO_IRQHandler
                0x08005cd4                SW2_IRQHandler
                0x08005cd4                TIMER2_IRQHandler
                0x08005cd4                DebugMon_Handler
                0x08005cd4                USART0_TX_IRQHandler
                0x08005cd4                IADC_IRQHandler
                0x08005cd4                EUSART0_TX_IRQHandler
                0x08005cd4                I2C0_IRQHandler
                0x08005cd4                LFXO_IRQHandler
                0x08005cd4                VDAC_IRQHandler
                0x08005cd4                HardFault_Handler
                0x08005cd4                SMU_SECURE_IRQHandler
                0x08005cd4                SYSRTC_SEQ_IRQHandler
                0x08005cd4                EMUEFP_IRQHandler
                0x08005cd4                EUSART2_TX_IRQHandler
                0x08005cd4                NMI_Handler
                0x08005cd4                SYNTH_IRQHandler
                0x08005cd4                HOSTMAILBOX_IRQHandler
                0x08005cd4                HFXO0_IRQHandler
                0x08005cd4                I2C1_IRQHandler
                0x08005cd4                WDOG0_IRQHandler
                0x08005cd4                TIMER3_IRQHandler
                0x08005cd4                SYSCFG_IRQHandler
                0x08005cd4                RFECA1_IRQHandler
                0x08005cd4                EMUDG_IRQHandler
                0x08005cd4                MSC_IRQHandler
                0x08005cd4                DPLL0_IRQHandler
                0x08005cd4                UsageFault_Handler
                0x08005cd4                WDOG1_IRQHandler
                0x08005cd4                M33CTI1_IRQHandler
                0x08005cd4                TIMER4_IRQHandler
                0x08005cd4                LDMA_IRQHandler
                0x08005cd4                SEMBTX_IRQHandler
                0x08005cd4                SW0_IRQHandler
                0x08005cd4                TIMER0_IRQHandler
                0x08005cd4                LCD_IRQHandler
                0x08005cd4                LETIMER0_IRQHandler
                0x08005cd4                EUSART1_RX_IRQHandler
                0x08005cd4                TIMER1_IRQHandler
                0x08005cd4                HFRCO0_IRQHandler
                0x08005cd4                SecureFault_Handler
                0x08005cd4                BUFC_IRQHandler
                0x08005cd4                DCDC_IRQHandler
                0x08005cd4                MODEM_IRQHandler
                0x08005cd4                Default_Handler
                0x08005cd4                RAC_SEQ_IRQHandler
                0x08005cd4                FRC_PRI_IRQHandler
                0x08005cd4                EMU_IRQHandler
                0x08005cd4                SW3_IRQHandler
                0x08005cd4                KERNEL0_IRQHandler
                0x08005cd4                FRC_IRQHandler
                0x08005cd4                PCNT0_IRQHandler
                0x08005cd4                KERNEL1_IRQHandler
                0x08005cd4                AGC_IRQHandler
                0x08005cd4                EUSART1_TX_IRQHandler
                0x08005cd4                KEYSCAN_IRQHandler
                0x08005cd4                sl_app_properties
                0x08005cd4                HFRCOEM23_IRQHandler
                0x08005cd4                BURTC_IRQHandler
                0x08005cd4                SEMBRX_IRQHandler
                0x08005cd4                RFECA0_IRQHandler
                0x08005cd4                LFRCO_IRQHandler
                0x08005cd4                ACMP0_IRQHandler
                0x08005cd4                USART0_RX_IRQHandler
                0x08005cd4                MemManage_Handler
                0x08005cd4                EUSART2_RX_IRQHandler
                0x08005cd4                SMU_S_PRIVILEGED_IRQHandler
                0x08005cd4                SW1_IRQHandler
                0x08005cd4                CMU_IRQHandler
                0x08005cd4                EUSART0_RX_IRQHandler
                0x08005cd4                RAC_RSM_IRQHandler
                0x08005cd4                LESENSE_IRQHandler
                0x08005cd4                AES_IRQHandler
                0x08005cd4                M33CTI0_IRQHandler
                0x08005cd4                ICACHE0_IRQHandler
                0x08005cd4                SMU_NS_PRIVILEGED_IRQHandler
                0x08005cd4                FPUEXH_IRQHandler
                0x08005cd4                PROTIMER_IRQHandler
                0x08005cd4                ACMP1_IRQHandler
                0x08005cd4                BusFault_Handler
                0x08005cd4                MPAHBRAM_IRQHandler
 .text.SystemCLKIN0Get
                0x08005cd6        0x4 ./gecko_sdk_4.3.0/platform/Device/SiliconLabs/ZGM23/Source/system_zgm23.o
                0x08005cd6                SystemCLKIN0Get
 .text.SystemLFRCOClockGet
                0x08005cda        0x6 ./gecko_sdk_4.3.0/platform/Device/SiliconLabs/ZGM23/Source/system_zgm23.o
                0x08005cda                SystemLFRCOClockGet
 .text.SystemULFRCOClockGet
                0x08005ce0        0x6 ./gecko_sdk_4.3.0/platform/Device/SiliconLabs/ZGM23/Source/system_zgm23.o
                0x08005ce0                SystemULFRCOClockGet
 .text.assertEFM
                0x08005ce6        0x2 ./gecko_sdk_4.3.0/platform/common/src/sl_assert.o
                0x08005ce6                assertEFM
 .text.sl_button_init
                0x08005ce8        0xa ./gecko_sdk_4.3.0/platform/driver/button/src/sl_button.o
                0x08005ce8                sl_button_init
 .text.sl_button_get_state
                0x08005cf2        0xa ./gecko_sdk_4.3.0/platform/driver/button/src/sl_button.o
                0x08005cf2                sl_button_get_state
 .text.sli_simple_button_on_change
                0x08005cfc       0x28 ./gecko_sdk_4.3.0/platform/driver/button/src/sl_simple_button.o
 .text.sl_simple_button_get_state
                0x08005d24        0x6 ./gecko_sdk_4.3.0/platform/driver/button/src/sl_simple_button.o
                0x08005d24                sl_simple_button_get_state
 .text.sl_simple_button_poll_step
                0x08005d2a       0x52 ./gecko_sdk_4.3.0/platform/driver/button/src/sl_simple_button.o
                0x08005d2a                sl_simple_button_poll_step
 .text.sl_simple_button_enable
                0x08005d7c       0x12 ./gecko_sdk_4.3.0/platform/driver/button/src/sl_simple_button.o
                0x08005d7c                sl_simple_button_enable
 .text.sl_simple_button_disable
                0x08005d8e       0x30 ./gecko_sdk_4.3.0/platform/driver/button/src/sl_simple_button.o
                0x08005d8e                sl_simple_button_disable
 .text.sl_debug_swo_enable_itm
                0x08005dbe       0x18 ./gecko_sdk_4.3.0/platform/driver/debug/src/sl_debug_swo.o
                0x08005dbe                sl_debug_swo_enable_itm
 .text.sl_debug_swo_disable_itm
                0x08005dd6       0x1a ./gecko_sdk_4.3.0/platform/driver/debug/src/sl_debug_swo.o
                0x08005dd6                sl_debug_swo_disable_itm
 .text.sl_led_init
                0x08005df0        0x6 ./gecko_sdk_4.3.0/platform/driver/leddrv/src/sl_led.o
                0x08005df0                sl_led_init
 .text.sl_led_turn_off
                0x08005df6        0x6 ./gecko_sdk_4.3.0/platform/driver/leddrv/src/sl_led.o
                0x08005df6                sl_led_turn_off
 .text.sl_led_toggle
                0x08005dfc        0x6 ./gecko_sdk_4.3.0/platform/driver/leddrv/src/sl_led.o
                0x08005dfc                sl_led_toggle
 .text.sl_simple_led_init
                0x08005e02       0x22 ./gecko_sdk_4.3.0/platform/driver/leddrv/src/sl_simple_led.o
                0x08005e02                sl_simple_led_init
 .text.sl_simple_led_turn_on
                0x08005e24       0x12 ./gecko_sdk_4.3.0/platform/driver/leddrv/src/sl_simple_led.o
                0x08005e24                sl_simple_led_turn_on
 .text.sl_simple_led_turn_off
                0x08005e36       0x12 ./gecko_sdk_4.3.0/platform/driver/leddrv/src/sl_simple_led.o
                0x08005e36                sl_simple_led_turn_off
 .text.BUS_RegMaskedWrite
                0x08005e48       0x22 ./gecko_sdk_4.3.0/platform/emlib/src/em_cmu.o
 .text.waitStateMax
                0x08005e6a       0x10 ./gecko_sdk_4.3.0/platform/emlib/src/em_cmu.o
 .text.CMU_UpdateWaitStates
                0x08005e7a        0xc ./gecko_sdk_4.3.0/platform/emlib/src/em_cmu.o
                0x08005e7a                CMU_UpdateWaitStates
 .text.pclkDivMax
                0x08005e86        0xa ./gecko_sdk_4.3.0/platform/emlib/src/em_cmu.o
 .text.sli_em_cmu_SYSCLKInitPostClockSelect
                0x08005e90       0x2a ./gecko_sdk_4.3.0/platform/emlib/src/em_cmu.o
                0x08005e90                sli_em_cmu_SYSCLKInitPostClockSelect
 .text.CORE_EnterCritical
                0x08005eba        0x8 ./gecko_sdk_4.3.0/platform/emlib/src/em_core.o
                0x08005eba                CORE_EnterCritical
 .text.CORE_ExitCritical
                0x08005ec2        0x6 ./gecko_sdk_4.3.0/platform/emlib/src/em_core.o
                0x08005ec2                CORE_ExitCritical
 .text.CORE_EnterAtomic
                0x08005ec8        0xc ./gecko_sdk_4.3.0/platform/emlib/src/em_core.o
                0x08005ec8                CORE_EnterAtomic
 .text.CORE_ExitAtomic
                0x08005ed4        0x6 ./gecko_sdk_4.3.0/platform/emlib/src/em_core.o
                0x08005ed4                CORE_ExitAtomic
 .text.EMU_EFPEM01VScale
                0x08005eda        0x2 ./gecko_sdk_4.3.0/platform/emlib/src/em_emu.o
                0x08005eda                EMU_EFPEM01VScale
 .text.EMU_DCDCUpdatedHook
                0x08005edc        0x2 ./gecko_sdk_4.3.0/platform/emlib/src/em_emu.o
                0x08005edc                EMU_DCDCUpdatedHook
 .text.BUS_RegMaskedWrite
                0x08005ede       0x22 ./gecko_sdk_4.3.0/platform/emlib/src/em_gpio.o
 .text.GPIO_DbgLocationSet
                0x08005f00        0x2 ./gecko_sdk_4.3.0/platform/emlib/src/em_gpio.o
                0x08005f00                GPIO_DbgLocationSet
 .text.USART_Rx
                0x08005f02        0xc ./gecko_sdk_4.3.0/platform/emlib/src/em_usart.o
                0x08005f02                USART_Rx
 .text.USART_SpiTransfer
                0x08005f0e       0x14 ./gecko_sdk_4.3.0/platform/emlib/src/em_usart.o
                0x08005f0e                USART_SpiTransfer
 .text.USART_Tx
                0x08005f22        0xa ./gecko_sdk_4.3.0/platform/emlib/src/em_usart.o
                0x08005f22                USART_Tx
 .text.GLIB_resetDisplayClippingArea
                0x08005f2c       0x14 ./gecko_sdk_4.3.0/platform/middleware/glib/glib/glib.o
                0x08005f2c                GLIB_resetDisplayClippingArea
 .text.GLIB_clear
                0x08005f40       0x36 ./gecko_sdk_4.3.0/platform/middleware/glib/glib/glib.o
                0x08005f40                GLIB_clear
 .text.GLIB_applyClippingRegion
                0x08005f76       0x2a ./gecko_sdk_4.3.0/platform/middleware/glib/glib/glib.o
                0x08005f76                GLIB_applyClippingRegion
 .text.GLIB_setClippingRegion
                0x08005fa0       0x48 ./gecko_sdk_4.3.0/platform/middleware/glib/glib/glib.o
                0x08005fa0                GLIB_setClippingRegion
 .text.GLIB_drawPixel
                0x08005fe8       0x38 ./gecko_sdk_4.3.0/platform/middleware/glib/glib/glib.o
                0x08005fe8                GLIB_drawPixel
 .text.GLIB_drawPixelColor
                0x08006020       0x36 ./gecko_sdk_4.3.0/platform/middleware/glib/glib/glib.o
                0x08006020                GLIB_drawPixelColor
 .text.GLIB_rectContainsPoint
                0x08006056       0x24 ./gecko_sdk_4.3.0/platform/middleware/glib/glib/glib_rectangle.o
                0x08006056                GLIB_rectContainsPoint
 .text.GLIB_drawChar
                0x0800607a      0x120 ./gecko_sdk_4.3.0/platform/middleware/glib/glib/glib_string.o
                0x0800607a                GLIB_drawChar
 .text.GLIB_drawString
                0x0800619a       0x78 ./gecko_sdk_4.3.0/platform/middleware/glib/glib/glib_string.o
                0x0800619a                GLIB_drawString
 .text.GLIB_setFont
                0x08006212       0x1a ./gecko_sdk_4.3.0/platform/middleware/glib/glib/glib_string.o
                0x08006212                GLIB_setFont
 .text.GLIB_drawStringOnLine
                0x0800622c       0x62 ./gecko_sdk_4.3.0/platform/middleware/glib/glib/glib_string.o
                0x0800622c                GLIB_drawStringOnLine
 .text.delay_callback
                0x0800628e        0x6 ./gecko_sdk_4.3.0/platform/service/sleeptimer/src/sl_sleeptimer.o
 .text.sl_sleeptimer_restart_periodic_timer
                0x08006294       0x38 ./gecko_sdk_4.3.0/platform/service/sleeptimer/src/sl_sleeptimer.o
                0x08006294                sl_sleeptimer_restart_periodic_timer
 .text.sl_sleeptimer_start_timer
                0x080062cc       0x48 ./gecko_sdk_4.3.0/platform/service/sleeptimer/src/sl_sleeptimer.o
                0x080062cc                sl_sleeptimer_start_timer
 .text.sleeptimer_hal_get_compare
                0x08006314        0x8 ./gecko_sdk_4.3.0/platform/service/sleeptimer/src/sl_sleeptimer_hal_sysrtc.o
                0x08006314                sleeptimer_hal_get_compare
 .text.sleeptimer_hal_enable_int
                0x0800631c       0x12 ./gecko_sdk_4.3.0/platform/service/sleeptimer/src/sl_sleeptimer_hal_sysrtc.o
                0x0800631c                sleeptimer_hal_enable_int
 .text.SYSRTC_APP_IRQHandler
                0x0800632e       0x34 ./gecko_sdk_4.3.0/platform/service/sleeptimer/src/sl_sleeptimer_hal_sysrtc.o
                0x0800632e                SYSRTC_APP_IRQHandler
 .text.sleeptimer_hal_get_timer_frequency
                0x08006362        0x6 ./gecko_sdk_4.3.0/platform/service/sleeptimer/src/sl_sleeptimer_hal_sysrtc.o
                0x08006362                sleeptimer_hal_get_timer_frequency
 .text.sl_system_init
                0x08006368       0x1a ./gecko_sdk_4.3.0/platform/service/system/src/sl_system_init.o
                0x08006368                sl_system_init
 .text.sl_system_kernel_start
                0x08006382        0x4 ./gecko_sdk_4.3.0/platform/service/system/src/sl_system_kernel.o
                0x08006382                sl_system_kernel_start
 .text.SysTick_Handler
                0x08006386       0x1a ./gecko_sdk_4.3.0/util/third_party/freertos/cmsis/Source/cmsis_os2.o
                0x08006386                SysTick_Handler
 .text.vListInitialise
                0x080063a0       0x16 ./gecko_sdk_4.3.0/util/third_party/freertos/kernel/list.o
                0x080063a0                vListInitialise
 .text.vListInitialiseItem
                0x080063b6        0x6 ./gecko_sdk_4.3.0/util/third_party/freertos/kernel/list.o
                0x080063b6                vListInitialiseItem
 .text.vListInsertEnd
                0x080063bc       0x18 ./gecko_sdk_4.3.0/util/third_party/freertos/kernel/list.o
                0x080063bc                vListInsertEnd
 .text.vListInsert
                0x080063d4       0x2e ./gecko_sdk_4.3.0/util/third_party/freertos/kernel/list.o
                0x080063d4                vListInsert
 .text.uxListRemove
                0x08006402       0x20 ./gecko_sdk_4.3.0/util/third_party/freertos/kernel/list.o
                0x08006402                uxListRemove
 .text.prvIsQueueEmpty
                0x08006422       0x16 ./gecko_sdk_4.3.0/util/third_party/freertos/kernel/queue.o
 .text.prvCopyDataToQueue
                0x08006438       0x6a ./gecko_sdk_4.3.0/util/third_party/freertos/kernel/queue.o
 .text.prvCopyDataFromQueue
                0x080064a2       0x2c ./gecko_sdk_4.3.0/util/third_party/freertos/kernel/queue.o
 .text.prvUnlockQueue
                0x080064ce       0x70 ./gecko_sdk_4.3.0/util/third_party/freertos/kernel/queue.o
 .text.vQueueWaitForMessageRestricted
                0x0800653e       0x46 ./gecko_sdk_4.3.0/util/third_party/freertos/kernel/queue.o
                0x0800653e                vQueueWaitForMessageRestricted
 .text.prvInitialiseNewTask.constprop.0
                0x08006584       0xa6 ./gecko_sdk_4.3.0/util/third_party/freertos/kernel/tasks.o
 .text.xTaskCreate
                0x0800662a       0x5a ./gecko_sdk_4.3.0/util/third_party/freertos/kernel/tasks.o
                0x0800662a                xTaskCreate
 .text.vPortYield
                0x08006684       0x16 ./gecko_sdk_4.3.0/util/third_party/freertos/kernel/portable/GCC/ARM_CM33_NTZ/non_secure/port.o
                0x08006684                vPortYield
 .text.xPortSysTickHandler
                0x0800669a       0x24 ./gecko_sdk_4.3.0/util/third_party/freertos/kernel/portable/GCC/ARM_CM33_NTZ/non_secure/port.o
                0x0800669a                xPortSysTickHandler
 .text.ulSetInterruptMask
                0x080066be       0x16 ./gecko_sdk_4.3.0/util/third_party/freertos/kernel/portable/GCC/ARM_CM33_NTZ/non_secure/portasm.o
                0x080066be                ulSetInterruptMask
 .text.vClearInterruptMask
                0x080066d4        0xe ./gecko_sdk_4.3.0/util/third_party/freertos/kernel/portable/GCC/ARM_CM33_NTZ/non_secure/portasm.o
                0x080066d4                vClearInterruptMask
 .text.memcpy   0x080066e2       0x1a c:/siliconlabs/simplicitystudio/v5/developer/toolchains/gnu_arm/10.3_2021.10/bin/../lib/gcc/arm-none-eabi/10.3.1/../../../../arm-none-eabi/lib/thumb/v8-m.main+fp/hard\libc_nano.a(lib_a-memcpy-stub.o)
                0x080066e2                memcpy
 .text.memset   0x080066fc       0x10 c:/siliconlabs/simplicitystudio/v5/developer/toolchains/gnu_arm/10.3_2021.10/bin/../lib/gcc/arm-none-eabi/10.3.1/../../../../arm-none-eabi/lib/thumb/v8-m.main+fp/hard\libc_nano.a(lib_a-memset.o)
                0x080066fc                memset
 .text          0x0800670c       0x10 c:/siliconlabs/simplicitystudio/v5/developer/toolchains/gnu_arm/10.3_2021.10/bin/../lib/gcc/arm-none-eabi/10.3.1/../../../../arm-none-eabi/lib/thumb/v8-m.main+fp/hard\libc_nano.a(lib_a-strlen.o)
                0x0800670c                strlen
 .text.__ssputs_r
                0x0800671c       0xb6 c:/siliconlabs/simplicitystudio/v5/developer/toolchains/gnu_arm/10.3_2021.10/bin/../lib/gcc/arm-none-eabi/10.3.1/../../../../arm-none-eabi/lib/thumb/v8-m.main+fp/hard\libc_nano.a(lib_a-nano-svfprintf.o)
                0x0800671c                __ssputs_r
 .text._printf_common
                0x080067d2       0xe0 c:/siliconlabs/simplicitystudio/v5/developer/toolchains/gnu_arm/10.3_2021.10/bin/../lib/gcc/arm-none-eabi/10.3.1/../../../../arm-none-eabi/lib/thumb/v8-m.main+fp/hard\libc_nano.a(lib_a-nano-vfprintf_i.o)
                0x080067d2                _printf_common
 .text.memchr   0x080068b2       0x1c c:/siliconlabs/simplicitystudio/v5/developer/toolchains/gnu_arm/10.3_2021.10/bin/../lib/gcc/arm-none-eabi/10.3.1/../../../../arm-none-eabi/lib/thumb/v8-m.main+fp/hard\libc_nano.a(lib_a-memchr-stub.o)
                0x080068b2                memchr
 .text.memmove  0x080068ce       0x34 c:/siliconlabs/simplicitystudio/v5/developer/toolchains/gnu_arm/10.3_2021.10/bin/../lib/gcc/arm-none-eabi/10.3.1/../../../../arm-none-eabi/lib/thumb/v8-m.main+fp/hard\libc_nano.a(lib_a-memmove.o)
                0x080068ce                memmove
 .text._realloc_r
                0x08006902       0x5e c:/siliconlabs/simplicitystudio/v5/developer/toolchains/gnu_arm/10.3_2021.10/bin/../lib/gcc/arm-none-eabi/10.3.1/../../../../arm-none-eabi/lib/thumb/v8-m.main+fp/hard\libc_nano.a(lib_a-nano-reallocr.o)
                0x08006902                _realloc_r
 .text._malloc_usable_size_r
                0x08006960       0x10 c:/siliconlabs/simplicitystudio/v5/developer/toolchains/gnu_arm/10.3_2021.10/bin/../lib/gcc/arm-none-eabi/10.3.1/../../../../arm-none-eabi/lib/thumb/v8-m.main+fp/hard\libc_nano.a(lib_a-nano-msizer.o)
                0x08006960                _malloc_usable_size_r
 .text.__retarget_lock_acquire_recursive
                0x08006970        0x2 c:/siliconlabs/simplicitystudio/v5/developer/toolchains/gnu_arm/10.3_2021.10/bin/../lib/gcc/arm-none-eabi/10.3.1/../../../../arm-none-eabi/lib/thumb/v8-m.main+fp/hard\libc_nano.a(lib_a-lock.o)
                0x08006970                __retarget_lock_acquire_recursive
 .text.__retarget_lock_release_recursive
                0x08006972        0x2 c:/siliconlabs/simplicitystudio/v5/developer/toolchains/gnu_arm/10.3_2021.10/bin/../lib/gcc/arm-none-eabi/10.3.1/../../../../arm-none-eabi/lib/thumb/v8-m.main+fp/hard\libc_nano.a(lib_a-lock.o)
                0x08006972                __retarget_lock_release_recursive
                0x08006974                linker_code_end = .
 *(.init)
 .init          0x08006974        0x4 c:/siliconlabs/simplicitystudio/v5/developer/toolchains/gnu_arm/10.3_2021.10/bin/../lib/gcc/arm-none-eabi/10.3.1/thumb/v8-m.main+fp/hard/crti.o
                0x08006974                _init
 .init          0x08006978        0x8 c:/siliconlabs/simplicitystudio/v5/developer/toolchains/gnu_arm/10.3_2021.10/bin/../lib/gcc/arm-none-eabi/10.3.1/thumb/v8-m.main+fp/hard/crtn.o
 *(.fini)
 .fini          0x08006980        0x4 c:/siliconlabs/simplicitystudio/v5/developer/toolchains/gnu_arm/10.3_2021.10/bin/../lib/gcc/arm-none-eabi/10.3.1/thumb/v8-m.main+fp/hard/crti.o
                0x08006980                _fini
 .fini          0x08006984        0x8 c:/siliconlabs/simplicitystudio/v5/developer/toolchains/gnu_arm/10.3_2021.10/bin/../lib/gcc/arm-none-eabi/10.3.1/thumb/v8-m.main+fp/hard/crtn.o
 *crtbegin.o(.ctors)
 *crtbegin?.o(.ctors)
 *(EXCLUDE_FILE(*crtend.o *crtend?.o) .ctors)
 *(SORT_BY_NAME(.ctors.*))
 *(.ctors)
 *crtbegin.o(.dtors)
 *crtbegin?.o(.dtors)
 *(EXCLUDE_FILE(*crtend.o *crtend?.o) .dtors)
 *(SORT_BY_NAME(.dtors.*))
 *(.dtors)
 *(.rodata*)
 .rodata.memlcd_app_init.str1.1
                0x0800698c       0x32 ./Handle_event/TFT.o
 .rodata.display_TASK.str1.1
                0x080069be       0x26 ./Handle_event/TFT.o
 .rodata.str1.1
                0x080069e4       0x3a ./Handle_event/TFT.o
 .rodata.task_init.str1.1
                0x08006a1e       0x3e ./RTOS_test.o
 .rodata.sl_button_btn0
                0x08006a5c       0x18 ./autogen/sl_simple_button_instances.o
                0x08006a5c                sl_button_btn0
 .rodata.sl_button_btn1
                0x08006a74       0x18 ./autogen/sl_simple_button_instances.o
                0x08006a74                sl_button_btn1
 .rodata.sl_led_led0
                0x08006a8c       0x18 ./autogen/sl_simple_led_instances.o
                0x08006a8c                sl_led_led0
 .rodata.sl_led_led1
                0x08006aa4       0x18 ./autogen/sl_simple_led_instances.o
                0x08006aa4                sl_led_led1
 .rodata.sl_board_enable_sensor.str1.1
                0x08006abc       0x5a ./gecko_sdk_4.3.0/hardware/board/src/sl_board_control_gpio.o
 *fill*         0x08006b16        0x2 
 .rodata        0x08006b18       0x1c ./gecko_sdk_4.3.0/hardware/driver/memlcd/src/memlcd_usart/sl_memlcd_spi.o
 .rodata        0x08006b34       0x14 ./gecko_sdk_4.3.0/hardware/driver/memlcd/src/sl_memlcd_display.o
 .rodata        0x08006b48       0x1c ./gecko_sdk_4.3.0/hardware/driver/mx25_flash_shutdown/src/sl_mx25_flash_shutdown_usart/sl_mx25_flash_shutdown.o
 .rodata.GPIO_PinInGet.str1.1
                0x08006b64       0x4c ./gecko_sdk_4.3.0/platform/driver/button/src/sl_simple_button.o
 .rodata.sl_simple_button_init.str1.1
                0x08006bb0       0x5d ./gecko_sdk_4.3.0/platform/driver/button/src/sl_simple_button.o
 .rodata.I2CSPM_Init.str1.1
                0x08006c0d       0x56 ./gecko_sdk_4.3.0/platform/driver/i2cspm/src/sl_i2cspm.o
                                 0xa2 (size before relaxing)
 .rodata.GPIO_PinOutClear.str1.1
                0x08006c63       0x4c ./gecko_sdk_4.3.0/platform/driver/leddrv/src/sl_simple_led.o
 .rodata.HFRCODPLLDevinfoGet.str1.1
                0x08006c63       0x4b ./gecko_sdk_4.3.0/platform/emlib/src/em_cmu.o
 .rodata.CORE_NvicMaskSetIRQ.str1.1
                0x08006cae       0x4c ./gecko_sdk_4.3.0/platform/emlib/src/em_core.o
 .rodata.EMU_VScaleEM01.str1.1
                0x08006cfa       0x4b ./gecko_sdk_4.3.0/platform/emlib/src/em_emu.o
 .rodata.BUS_RegBitWrite.str1.1
                0x08006d45       0x4b ./gecko_sdk_4.3.0/platform/emlib/src/em_gpio.o
 .rodata.GPIO_PinOutSet.str1.1
                0x08006d90       0x4c ./gecko_sdk_4.3.0/platform/emlib/src/em_gpio.o
 .rodata.GPIO_ExtIntConfig.str1.1
                0x08006d90       0x4c ./gecko_sdk_4.3.0/platform/emlib/src/em_gpio.o
 .rodata.I2C_BusFreqGet.str1.1
                0x08006ddc       0x4b ./gecko_sdk_4.3.0/platform/emlib/src/em_i2c.o
 *fill*         0x08006e27        0x1 
 .rodata.CSWTCH.13
                0x08006e28        0xc ./gecko_sdk_4.3.0/platform/emlib/src/em_i2c.o
 .rodata.CSWTCH.14
                0x08006e34        0xc ./gecko_sdk_4.3.0/platform/emlib/src/em_i2c.o
 .rodata.i2cNSum
                0x08006e40        0x4 ./gecko_sdk_4.3.0/platform/emlib/src/em_i2c.o
 .rodata.PRS_ConvertToSyncSource.str1.1
                0x08006e44       0x4b ./gecko_sdk_4.3.0/platform/emlib/src/em_prs.o
 .rodata.USART_BaudrateAsyncSet.str1.1
                0x08006e8f       0x4d ./gecko_sdk_4.3.0/platform/emlib/src/em_usart.o
 .rodata.GLIB_FontNarrow6x8
                0x08006edc       0x10 ./gecko_sdk_4.3.0/platform/middleware/glib/fonts/glib_font_narrow_6x8.o
                0x08006edc                GLIB_FontNarrow6x8
 .rodata.GLIB_FontNarrow6x8PixMap
                0x08006eec      0x320 ./gecko_sdk_4.3.0/platform/middleware/glib/fonts/glib_font_narrow_6x8.o
 .rodata.GLIB_FontNormal8x8
                0x0800720c       0x10 ./gecko_sdk_4.3.0/platform/middleware/glib/fonts/glib_font_normal_8x8.o
                0x0800720c                GLIB_FontNormal8x8
 .rodata.GLIB_FontNormal8x8PixMap
                0x0800721c      0x320 ./gecko_sdk_4.3.0/platform/middleware/glib/fonts/glib_font_normal_8x8.o
 .rodata.sl_sysrtc_init_group.str1.1
                0x0800753c       0x5b ./gecko_sdk_4.3.0/platform/peripheral/src/peripheral_sysrtc.o
 .rodata        0x08007597        0x7 ./gecko_sdk_4.3.0/platform/service/device_init/src/sl_device_init_dcdc_s2.o
 *fill*         0x0800759e        0x2 
 .rodata        0x080075a0       0x28 ./gecko_sdk_4.3.0/platform/service/device_init/src/sl_device_init_hfxo_s2.o
 .rodata.process_timer_irq.str1.1
                0x080075c8       0x5f ./gecko_sdk_4.3.0/platform/service/sleeptimer/src/sl_sleeptimer.o
 .rodata.sl_udelay_wait.str1.1
                0x08007627       0x57 ./gecko_sdk_4.3.0/platform/service/udelay/src/sl_udelay.o
 .rodata.vApplicationStackOverflowHook.str1.1
                0x0800767e       0x62 ./gecko_sdk_4.3.0/util/third_party/freertos/cmsis/Source/cmsis_os2.o
 .rodata.xQueueGenericReset.str1.1
                0x080076e0       0x58 ./gecko_sdk_4.3.0/util/third_party/freertos/kernel/queue.o
 .rodata.prvTaskIsTaskSuspended.str1.1
                0x08007738       0x58 ./gecko_sdk_4.3.0/util/third_party/freertos/kernel/tasks.o
 .rodata.vTaskStartScheduler.str1.1
                0x08007790        0x5 ./gecko_sdk_4.3.0/util/third_party/freertos/kernel/tasks.o
 .rodata.prvCheckForValidListAndQueue.str1.1
                0x08007795        0x5 ./gecko_sdk_4.3.0/util/third_party/freertos/kernel/timers.o
 .rodata.xTimerCreateTimerTask.str1.1
                0x0800779a       0x61 ./gecko_sdk_4.3.0/util/third_party/freertos/kernel/timers.o
 .rodata.prvTaskExitError.str1.1
                0x080077fb       0x7c ./gecko_sdk_4.3.0/util/third_party/freertos/kernel/portable/GCC/ARM_CM33_NTZ/non_secure/port.o
 .rodata.pvPortMalloc.str1.1
                0x08007877       0x6a ./gecko_sdk_4.3.0/util/third_party/freertos/kernel/portable/MemMang/heap_4.o
 *fill*         0x080078e1        0x3 
 .rodata._global_impure_ptr
                0x080078e4        0x4 c:/siliconlabs/simplicitystudio/v5/developer/toolchains/gnu_arm/10.3_2021.10/bin/../lib/gcc/arm-none-eabi/10.3.1/../../../../arm-none-eabi/lib/thumb/v8-m.main+fp/hard\libc_nano.a(lib_a-impure.o)
                0x080078e4                _global_impure_ptr
 .rodata._svfprintf_r.str1.1
                0x080078e8       0x11 c:/siliconlabs/simplicitystudio/v5/developer/toolchains/gnu_arm/10.3_2021.10/bin/../lib/gcc/arm-none-eabi/10.3.1/../../../../arm-none-eabi/lib/thumb/v8-m.main+fp/hard\libc_nano.a(lib_a-nano-svfprintf.o)
 .rodata._printf_i.str1.1
                0x080078f9       0x22 c:/siliconlabs/simplicitystudio/v5/developer/toolchains/gnu_arm/10.3_2021.10/bin/../lib/gcc/arm-none-eabi/10.3.1/../../../../arm-none-eabi/lib/thumb/v8-m.main+fp/hard\libc_nano.a(lib_a-nano-vfprintf_i.o)
 *(.eh_frame*)
 *fill*         0x0800791b        0x1 
 .eh_frame      0x0800791c        0x0 c:/siliconlabs/simplicitystudio/v5/developer/toolchains/gnu_arm/10.3_2021.10/bin/../lib/gcc/arm-none-eabi/10.3.1/thumb/v8-m.main+fp/hard/crtbegin.o

.glue_7         0x0800791c        0x0
 .glue_7        0x0800791c        0x0 linker stubs

.glue_7t        0x0800791c        0x0
 .glue_7t       0x0800791c        0x0 linker stubs

.vfp11_veneer   0x0800791c        0x0
 .vfp11_veneer  0x0800791c        0x0 linker stubs

.v4_bx          0x0800791c        0x0
 .v4_bx         0x0800791c        0x0 linker stubs

.iplt           0x0800791c        0x0
 .iplt          0x0800791c        0x0 c:/siliconlabs/simplicitystudio/v5/developer/toolchains/gnu_arm/10.3_2021.10/bin/../lib/gcc/arm-none-eabi/10.3.1/thumb/v8-m.main+fp/hard/crtbegin.o

.ARM.extab
 *(.ARM.extab* .gnu.linkonce.armextab.*)
                0x0800791c                __exidx_start = .

.ARM.exidx      0x0800791c        0x8
 *(.ARM.exidx* .gnu.linkonce.armexidx.*)
 .ARM.exidx     0x0800791c        0x8 c:/siliconlabs/simplicitystudio/v5/developer/toolchains/gnu_arm/10.3_2021.10/bin/../lib/gcc/arm-none-eabi/10.3.1/../../../../arm-none-eabi/lib/thumb/v8-m.main+fp/hard/crt0.o
                                 0x10 (size before relaxing)
 .ARM.exidx     0x08007924        0x0 c:/siliconlabs/simplicitystudio/v5/developer/toolchains/gnu_arm/10.3_2021.10/bin/../lib/gcc/arm-none-eabi/10.3.1/thumb/v8-m.main+fp/hard\libgcc.a(_udivmoddi4.o)
                                  0x8 (size before relaxing)
                0x08007924                __exidx_end = .

.rel.dyn        0x08007924        0x0
 .rel.iplt      0x08007924        0x0 c:/siliconlabs/simplicitystudio/v5/developer/toolchains/gnu_arm/10.3_2021.10/bin/../lib/gcc/arm-none-eabi/10.3.1/thumb/v8-m.main+fp/hard/crtbegin.o

.copy.table     0x08007924        0xc
                0x08007924                . = ALIGN (0x4)
                0x08007924                __copy_table_start__ = .
                0x08007924        0x4 LONG 0x8007930 __etext
                0x08007928        0x4 LONG 0x20001000 __data_start__
                0x0800792c        0x4 LONG 0x38 ((__data_end__ - __data_start__) / 0x4)
                0x08007930                __copy_table_end__ = .

.zero.table     0x08007930        0x0
                0x08007930                . = ALIGN (0x4)
                0x08007930                __zero_table_start__ = .
                0x08007930                __zero_table_end__ = .
                0x08007930                __etext = .
                0x20000000                . = ORIGIN (RAM)

.stack          0x20000000     0x1000
                0x20000000                __StackLimit = .
 *(.stack*)
 .stack         0x20000000     0x1000 ./gecko_sdk_4.3.0/platform/common/toolchain/src/sl_memory.o
                0x20001000                . = ALIGN (0x4)
                0x20001000                __StackTop = .
                0x20001000                PROVIDE (__stack = __StackTop)

.noinit
 *(.noinit*)

.data           0x20001000       0xe0 load address 0x08007930
                0x20001000                . = ALIGN (0x4)
                0x20001000                __data_start__ = .
 *(vtable)
 *(SORT_BY_ALIGNMENT(.data*))
 .data.led_mode_display
                0x20001000       0x14 ./Handle_event/TFT.o
                0x20001000                led_mode_display
 .data.init_sensor
                0x20001014       0x14 ./autogen/sl_i2cspm_init.o
                0x20001014                init_sensor
 .data.sl_i2cspm_sensor
                0x20001028        0x4 ./autogen/sl_i2cspm_init.o
                0x20001028                sl_i2cspm_sensor
 .data.spi_handle
                0x2000102c       0x10 ./gecko_sdk_4.3.0/hardware/driver/memlcd/src/sl_memlcd.o
 .data.SystemCoreClock
                0x2000103c        0x4 ./gecko_sdk_4.3.0/platform/Device/SiliconLabs/ZGM23/Source/system_zgm23.o
                0x2000103c                SystemCoreClock
 .data.SystemHFRCODPLLClock
                0x20001040        0x4 ./gecko_sdk_4.3.0/platform/Device/SiliconLabs/ZGM23/Source/system_zgm23.o
 .data.SystemHFXOClock
                0x20001044        0x4 ./gecko_sdk_4.3.0/platform/Device/SiliconLabs/ZGM23/Source/system_zgm23.o
 .data.SystemLFXOClock
                0x20001048        0x4 ./gecko_sdk_4.3.0/platform/Device/SiliconLabs/ZGM23/Source/system_zgm23.o
 .data.heap_end.0
                0x2000104c        0x4 ./gecko_sdk_4.3.0/platform/common/toolchain/src/sl_memory.o
 .data.uxTopUsedPriority
                0x20001050        0x4 ./gecko_sdk_4.3.0/util/third_party/freertos/kernel/tasks.o
                0x20001050                uxTopUsedPriority
 .data.ulCriticalNesting
                0x20001054        0x4 ./gecko_sdk_4.3.0/util/third_party/freertos/kernel/portable/GCC/ARM_CM33_NTZ/non_secure/port.o
 .data._impure_ptr
                0x20001058        0x4 c:/siliconlabs/simplicitystudio/v5/developer/toolchains/gnu_arm/10.3_2021.10/bin/../lib/gcc/arm-none-eabi/10.3.1/../../../../arm-none-eabi/lib/thumb/v8-m.main+fp/hard\libc_nano.a(lib_a-impure.o)
                0x20001058                _impure_ptr
 .data.impure_data
                0x2000105c       0x60 c:/siliconlabs/simplicitystudio/v5/developer/toolchains/gnu_arm/10.3_2021.10/bin/../lib/gcc/arm-none-eabi/10.3.1/../../../../arm-none-eabi/lib/thumb/v8-m.main+fp/hard\libc_nano.a(lib_a-impure.o)
 .data.simple_btn0_context
                0x200010bc        0x8 ./autogen/sl_simple_button_instances.o
                0x200010bc                simple_btn0_context
 .data.simple_btn1_context
                0x200010c4        0x8 ./autogen/sl_simple_button_instances.o
                0x200010c4                simple_btn1_context
 .data.hfxo_precision
                0x200010cc        0x2 ./gecko_sdk_4.3.0/platform/emlib/src/em_cmu.o
 .data.simple_led0_context
                0x200010ce        0x3 ./autogen/sl_simple_led_instances.o
                0x200010ce                simple_led0_context
 .data.simple_led1_context
                0x200010d1        0x3 ./autogen/sl_simple_led_instances.o
                0x200010d1                simple_led1_context
 .data.ctuneDelta
                0x200010d4        0x1 ./gecko_sdk_4.3.0/platform/emlib/src/em_cmu.o
 .data.cc1_disabled
                0x200010d5        0x1 ./gecko_sdk_4.3.0/platform/service/sleeptimer/src/sl_sleeptimer_hal_sysrtc.o
 .data.cc_disabled
                0x200010d6        0x1 ./gecko_sdk_4.3.0/platform/service/sleeptimer/src/sl_sleeptimer_hal_sysrtc.o
                0x200010d8                . = ALIGN (0x4)
 *fill*         0x200010d7        0x1 
                [!provide]                PROVIDE (__ram_func_section_start = .)
 *(.ram)
                [!provide]                PROVIDE (__ram_func_section_end = .)
                0x200010d8                . = ALIGN (0x4)
                0x200010d8                PROVIDE (__preinit_array_start = .)
 *(.preinit_array)
                0x200010d8                PROVIDE (__preinit_array_end = .)
                0x200010d8                . = ALIGN (0x4)
                0x200010d8                PROVIDE (__init_array_start = .)
 *(SORT_BY_NAME(.init_array.*))
 *(.init_array)
 .init_array    0x200010d8        0x4 c:/siliconlabs/simplicitystudio/v5/developer/toolchains/gnu_arm/10.3_2021.10/bin/../lib/gcc/arm-none-eabi/10.3.1/thumb/v8-m.main+fp/hard/crtbegin.o
                0x200010dc                PROVIDE (__init_array_end = .)
                0x200010dc                . = ALIGN (0x4)
                [!provide]                PROVIDE (__fini_array_start = .)
 *(SORT_BY_NAME(.fini_array.*))
 *(.fini_array)
 .fini_array    0x200010dc        0x4 c:/siliconlabs/simplicitystudio/v5/developer/toolchains/gnu_arm/10.3_2021.10/bin/../lib/gcc/arm-none-eabi/10.3.1/thumb/v8-m.main+fp/hard/crtbegin.o
                [!provide]                PROVIDE (__fini_array_end = .)
                0x200010e0                . = ALIGN (0x4)
                0x200010e0                __data_end__ = .

.igot.plt       0x200010e0        0x0 load address 0x08007a10
 .igot.plt      0x200010e0        0x0 c:/siliconlabs/simplicitystudio/v5/developer/toolchains/gnu_arm/10.3_2021.10/bin/../lib/gcc/arm-none-eabi/10.3.1/thumb/v8-m.main+fp/hard/crtbegin.o

.bss            0x200010e0     0x3740 load address 0x08007a10
                0x200010e0                . = ALIGN (0x4)
                0x200010e0                __bss_start__ = .
 *(SORT_BY_ALIGNMENT(.bss*))
 .bss           0x200010e0       0x1c c:/siliconlabs/simplicitystudio/v5/developer/toolchains/gnu_arm/10.3_2021.10/bin/../lib/gcc/arm-none-eabi/10.3.1/thumb/v8-m.main+fp/hard/crtbegin.o
 .bss.currentLine
                0x200010fc        0x4 ./Handle_event/TFT.o
 .bss.glibContext
                0x20001100       0x2c ./Handle_event/TFT.o
                0x20001100                glibContext
 .bss.Blink_Queue
                0x2000112c        0x4 ./RTOS_test.o
                0x2000112c                Blink_Queue
 .bss.Sensor_Queue
                0x20001130        0x4 ./RTOS_test.o
                0x20001130                Sensor_Queue
 .bss.xHandle1  0x20001134        0x4 ./RTOS_test.o
                0x20001134                xHandle1
 .bss.xHandle2  0x20001138        0x4 ./RTOS_test.o
                0x20001138                xHandle2
 .bss.xReturned_task1
                0x2000113c        0x4 ./RTOS_test.o
                0x2000113c                xReturned_task1
 .bss.extcomin_timer
                0x20001140       0x20 ./gecko_sdk_4.3.0/hardware/driver/memlcd/src/sl_memlcd.o
 .bss.memlcd_instance
                0x20001160       0x14 ./gecko_sdk_4.3.0/hardware/driver/memlcd/src/sl_memlcd.o
 .bss.gpioCallbacks
                0x20001174      0x200 ./gecko_sdk_4.3.0/platform/emdrv/gpiointerrupt/src/gpiointerrupt.o
 .bss.i2cTransfer
                0x20001374       0x18 ./gecko_sdk_4.3.0/platform/emlib/src/em_i2c.o
 .bss.dirtyRows
                0x2000138c       0x10 ./gecko_sdk_4.3.0/platform/middleware/glib/dmd/display/dmd_memlcd.o
 .bss.memlcd    0x2000139c        0x4 ./gecko_sdk_4.3.0/platform/middleware/glib/dmd/display/dmd_memlcd.o
 .bss.last_delta_update_count
                0x200013a0        0x4 ./gecko_sdk_4.3.0/platform/service/sleeptimer/src/sl_sleeptimer.o
 .bss.max_millisecond_conversion
                0x200013a4        0x4 ./gecko_sdk_4.3.0/platform/service/sleeptimer/src/sl_sleeptimer.o
 .bss.timer_frequency
                0x200013a8        0x4 ./gecko_sdk_4.3.0/platform/service/sleeptimer/src/sl_sleeptimer.o
 .bss.timer_head
                0x200013ac        0x4 ./gecko_sdk_4.3.0/platform/service/sleeptimer/src/sl_sleeptimer.o
 .bss.Idle_Stack.2
                0x200013b0      0x280 ./gecko_sdk_4.3.0/util/third_party/freertos/cmsis/Source/cmsis_os2.o
 .bss.Idle_TCB.3
                0x20001630       0x58 ./gecko_sdk_4.3.0/util/third_party/freertos/cmsis/Source/cmsis_os2.o
 .bss.KernelState
                0x20001688        0x4 ./gecko_sdk_4.3.0/util/third_party/freertos/cmsis/Source/cmsis_os2.o
 .bss.Timer_Stack.0
                0x2000168c      0x280 ./gecko_sdk_4.3.0/util/third_party/freertos/cmsis/Source/cmsis_os2.o
 .bss.Timer_TCB.1
                0x2000190c       0x58 ./gecko_sdk_4.3.0/util/third_party/freertos/cmsis/Source/cmsis_os2.o
 .bss.xQueueRegistry
                0x20001964       0x50 ./gecko_sdk_4.3.0/util/third_party/freertos/kernel/queue.o
                0x20001964                xQueueRegistry
 .bss.pxCurrentTCB
                0x200019b4        0x4 ./gecko_sdk_4.3.0/util/third_party/freertos/kernel/tasks.o
                0x200019b4                pxCurrentTCB
 .bss.pxDelayedTaskList
                0x200019b8        0x4 ./gecko_sdk_4.3.0/util/third_party/freertos/kernel/tasks.o
 .bss.pxOverflowDelayedTaskList
                0x200019bc        0x4 ./gecko_sdk_4.3.0/util/third_party/freertos/kernel/tasks.o
 .bss.pxReadyTasksLists
                0x200019c0      0x460 ./gecko_sdk_4.3.0/util/third_party/freertos/kernel/tasks.o
 .bss.uxCurrentNumberOfTasks
                0x20001e20        0x4 ./gecko_sdk_4.3.0/util/third_party/freertos/kernel/tasks.o
 .bss.uxDeletedTasksWaitingCleanUp
                0x20001e24        0x4 ./gecko_sdk_4.3.0/util/third_party/freertos/kernel/tasks.o
 .bss.uxSchedulerSuspended
                0x20001e28        0x4 ./gecko_sdk_4.3.0/util/third_party/freertos/kernel/tasks.o
 .bss.uxTaskNumber
                0x20001e2c        0x4 ./gecko_sdk_4.3.0/util/third_party/freertos/kernel/tasks.o
 .bss.uxTopReadyPriority
                0x20001e30        0x4 ./gecko_sdk_4.3.0/util/third_party/freertos/kernel/tasks.o
 .bss.xDelayedTaskList1
                0x20001e34       0x14 ./gecko_sdk_4.3.0/util/third_party/freertos/kernel/tasks.o
 .bss.xDelayedTaskList2
                0x20001e48       0x14 ./gecko_sdk_4.3.0/util/third_party/freertos/kernel/tasks.o
 .bss.xNextTaskUnblockTime
                0x20001e5c        0x4 ./gecko_sdk_4.3.0/util/third_party/freertos/kernel/tasks.o
 .bss.xNumOfOverflows
                0x20001e60        0x4 ./gecko_sdk_4.3.0/util/third_party/freertos/kernel/tasks.o
 .bss.xPendedTicks
                0x20001e64        0x4 ./gecko_sdk_4.3.0/util/third_party/freertos/kernel/tasks.o
 .bss.xPendingReadyList
                0x20001e68       0x14 ./gecko_sdk_4.3.0/util/third_party/freertos/kernel/tasks.o
 .bss.xSchedulerRunning